Power Analyzer Status : Successful - Wed Dec 13 00:50:06 2023
Quartus Prime Version : 20.4.0 Build 72 12/14/2020 SC Pro Edition
Revision Name : quartus_compile
Top-level Entity Name : quartus_compile
Family : Cyclone 10 GX
Device : 10CX220YF780I5G
Timing Models : Final
Power Models : Final
Device Status : Final
Total On-Chip Power Dissipation : 2013.50 mW
Transceiver Standby On-Chip Power Dissipation : 0.00 mW
Transceiver Dynamic On-Chip Power Dissipation : 0.00 mW
I/O Standby On-Chip Power Dissipation : 0.03 mW
I/O Dynamic On-Chip Power Dissipation : 0.00 mW
Core Dynamic On-Chip Power Dissipation : 948.36 mW
HPS Standby On-Chip Power Dissipation : 0.00 mW
HPS Dynamic On-Chip Power Dissipation : 0.00 mW
Device Static On-Chip Power Dissipation : 1065.11 mW
High Bandwidth Memory Standby On-Chip Power Dissipation : 0.00 mW
High Bandwidth Memory Dynamic On-Chip Power Dissipation : 0.00 mW
Analog/Digital Converter Standby On-Chip Power Dissipation : 0.00 mW
Analog/Digital Converter Dynamic On-Chip Power Dissipation : 0.00 mW
Power Estimation Confidence : Low: user provided insufficient toggle rate data
