Fitter Route Stage Report for quartus_compile
Wed Dec 13 00:27:50 2023
Quartus Prime Version 20.4.0 Build 72 12/14/2020 SC Pro Edition


---------------------
; Table of Contents ;
---------------------
  1. Legal Notice
  2. Routing Usage Summary
  3. Route Messages
  4. Estimated Delay Added for Hold Timing Summary
  5. Estimated Delay Added for Hold Timing Details



----------------
; Legal Notice ;
----------------
Copyright (C) 2020  Intel Corporation. All rights reserved.
Your use of Intel Corporation's design tools, logic functions 
and other software and tools, and any partner logic 
functions, and any output files from any of the foregoing 
(including device programming or simulation files), and any 
associated documentation or information are expressly subject 
to the terms and conditions of the Intel Program License 
Subscription Agreement, the Intel Quartus Prime License Agreement,
the Intel FPGA IP License Agreement, or other applicable license
agreement, including, without limitation, that your use is for
the sole purpose of programming logic devices manufactured by
Intel and sold by Intel or its authorized distributors.  Please
refer to the applicable agreement for further details, at
https://fpgasoftware.intel.com/eula.



+----------------------------------------------------------+
; Routing Usage Summary                                    ;
+------------------------------+---------------------------+
; Routing Resource Type        ; Usage                     ;
+------------------------------+---------------------------+
; Block interconnects          ; 32,564 / 664,374 ( 5 % )  ;
; C27 interconnects            ; 98 / 12,769 ( < 1 % )     ;
; C4 interconnects             ; 19,596 / 514,392 ( 4 % )  ;
; Direct links                 ; 4,643 / 664,374 ( < 1 % ) ;
; Global clocks                ; 3 / 32 ( 9 % )            ;
; Periphery clocks             ; 0 / 410 ( 0 % )           ;
; R3 interconnects             ; 12,117 / 246,936 ( 5 % )  ;
; R32 interconnects            ; 77 / 28,257 ( < 1 % )     ;
; R32/C27 interconnect drivers ; 153 / 74,920 ( < 1 % )    ;
; R6 interconnects             ; 19,927 / 527,108 ( 4 % )  ;
; Regional clock lefts         ; 0 / 8 ( 0 % )             ;
; Regional clock out bottoms   ; 0 / 8 ( 0 % )             ;
; Regional clock out tops      ; 0 / 8 ( 0 % )             ;
; Regional clock rights        ; 0 / 8 ( 0 % )             ;
; Regional clocks              ; 0 / 8 ( 0 % )             ;
; Spine buffers                ; 9 / 220 ( 4 % )           ;
; Spine clocks                 ; 14 / 330 ( 4 % )          ;
; Spine feedthroughs           ; 0 / 224 ( 0 % )           ;
+------------------------------+---------------------------+


+----------------+
; Route Messages ;
+----------------+
Info (20030): Parallel compilation is enabled and will use 12 of the 12 processors detected
Info: *******************************************************************
Info: Running Quartus Prime Fitter
    Info: Version 20.4.0 Build 72 12/14/2020 SC Pro Edition
    Info: Processing started: Wed Dec 13 00:25:28 2023
    Info: System process ID: 462818
Info: Command: quartus_fit --read_settings_files=on --write_settings_files=off quartus_compile -c quartus_compile
Info: Using INI file /home/slowe8/HLSDataset/polybench/atax/src/atax_14.prj/quartus/quartus.ini
Info: qfit2_default_script.tcl version: #1
Info: Project  = quartus_compile
Info: Revision = quartus_compile
Info (170193): Fitter routing operations beginning
Info (170089): 4e+03 ns of routing delay (approximately 1.6% of available device routing delay) has been added to meet hold timing. For more information, refer to the Estimated Delay Added for Hold Timing section in the Fitter report.
Info (11888): Total time spent on timing analysis during Routing is 4.05 seconds.
Info (16607): Fitter routing operations ending: elapsed time is 00:00:39


+------------------------------------------------------------+
; Estimated Delay Added for Hold Timing Summary              ;
+-----------------+----------------------+-------------------+
; Source Clock(s) ; Destination Clock(s) ; Delay Added in ns ;
+-----------------+----------------------+-------------------+
; clock           ; clock                ; 3845.1            ;
; clock           ; clock2x              ; 460.8             ;
; clock2x         ; clock2x              ; 105.9             ;
; clock2x         ; clock                ; 92.7              ;
+-----------------+----------------------+-------------------+
Note: For more information on problematic transfers, consider running the Fitter again with the Optimize hold timing option (Settings Menu) turned off.
This will disable optimization of problematic paths and expose them for further analysis using the Timing Analyzer.


+---------------------------------------------------------------------------------------------------------------------------------------------------------------------------------------------------------------------------------------------------+
; Estimated Delay Added for Hold Timing Details                                                                                                                                                                                                     ;
+-----------------------------------------------------------------------------------------------------------------+-------------------------------------------------------------------------------------------------------------+-------------------+
; Source Register                                                                                                 ; Destination Register                                                                                        ; Delay Added in ns ;
+-----------------------------------------------------------------------------------------------------------------+-------------------------------------------------------------------------------------------------------------+-------------------+
; atax_inst|atax_internal_inst|local_mem_system_aspace64.local_mem_group[0].bank[0].mem0|reg_writedata_1x[1][137] ; atax_inst|atax_internal_inst|local_mem_system_aspace64.local_mem_group[0].bank[0].mem0|writedata_2x[1][137] ; 1.522             ;
; atax_inst|atax_internal_inst|local_mem_system_aspace67.local_mem_group[0].bank[0].mem0|reg_address_1x[3][0]     ; atax_inst|atax_internal_inst|local_mem_system_aspace67.local_mem_group[0].bank[0].mem0|address_2x[2][0]     ; 1.505             ;
; atax_inst|atax_internal_inst|local_mem_system_aspace67.local_mem_group[0].bank[0].mem0|reg_address_1x[3][3]     ; atax_inst|atax_internal_inst|local_mem_system_aspace67.local_mem_group[0].bank[0].mem0|address_2x[2][3]     ; 1.495             ;
; atax_inst|atax_internal_inst|local_mem_system_aspace64.local_mem_group[0].bank[0].mem0|reg_writedata_1x[1][181] ; atax_inst|atax_internal_inst|local_mem_system_aspace64.local_mem_group[0].bank[0].mem0|writedata_2x[1][181] ; 1.493             ;
; atax_inst|atax_internal_inst|local_mem_system_aspace67.local_mem_group[0].bank[0].mem0|reg_writedata_1x[1][31]  ; atax_inst|atax_internal_inst|local_mem_system_aspace67.local_mem_group[0].bank[0].mem0|writedata_2x[1][31]  ; 1.491             ;
; atax_inst|atax_internal_inst|local_mem_system_aspace64.local_mem_group[0].bank[0].mem0|reg_address_1x[4][2]     ; atax_inst|atax_internal_inst|local_mem_system_aspace64.local_mem_group[0].bank[0].mem0|address_2x[2][2]     ; 1.490             ;
; atax_inst|atax_internal_inst|local_mem_system_aspace64.local_mem_group[0].bank[0].mem0|reg_writedata_1x[1][251] ; atax_inst|atax_internal_inst|local_mem_system_aspace64.local_mem_group[0].bank[0].mem0|writedata_2x[1][251] ; 1.489             ;
; atax_inst|atax_internal_inst|local_mem_system_aspace64.local_mem_group[0].bank[0].mem0|reg_writedata_1x[1][210] ; atax_inst|atax_internal_inst|local_mem_system_aspace64.local_mem_group[0].bank[0].mem0|writedata_2x[1][210] ; 1.486             ;
; atax_inst|atax_internal_inst|local_mem_system_aspace64.local_mem_group[0].bank[0].mem0|reg_writedata_1x[1][188] ; atax_inst|atax_internal_inst|local_mem_system_aspace64.local_mem_group[0].bank[0].mem0|writedata_2x[1][188] ; 1.486             ;
; atax_inst|atax_internal_inst|local_mem_system_aspace67.local_mem_group[0].bank[0].mem0|reg_address_1x[4][0]     ; atax_inst|atax_internal_inst|local_mem_system_aspace67.local_mem_group[0].bank[0].mem0|address_2x[2][0]     ; 1.482             ;
; atax_inst|atax_internal_inst|local_mem_system_aspace64.local_mem_group[0].bank[0].mem0|reg_writedata_1x[1][23]  ; atax_inst|atax_internal_inst|local_mem_system_aspace64.local_mem_group[0].bank[0].mem0|writedata_2x[1][23]  ; 1.482             ;
; atax_inst|atax_internal_inst|local_mem_system_aspace64.local_mem_group[0].bank[0].mem0|reg_writedata_1x[1][227] ; atax_inst|atax_internal_inst|local_mem_system_aspace64.local_mem_group[0].bank[0].mem0|writedata_2x[1][227] ; 1.482             ;
; atax_inst|atax_internal_inst|local_mem_system_aspace67.local_mem_group[0].bank[0].mem0|reg_writedata_1x[1][28]  ; atax_inst|atax_internal_inst|local_mem_system_aspace67.local_mem_group[0].bank[0].mem0|writedata_2x[1][28]  ; 1.481             ;
; atax_inst|atax_internal_inst|local_mem_system_aspace64.local_mem_group[0].bank[0].mem0|reg_writedata_1x[1][183] ; atax_inst|atax_internal_inst|local_mem_system_aspace64.local_mem_group[0].bank[0].mem0|writedata_2x[1][183] ; 1.480             ;
; atax_inst|atax_internal_inst|local_mem_system_aspace64.local_mem_group[0].bank[0].mem0|reg_writedata_1x[1][20]  ; atax_inst|atax_internal_inst|local_mem_system_aspace64.local_mem_group[0].bank[0].mem0|writedata_2x[1][20]  ; 1.480             ;
; atax_inst|atax_internal_inst|local_mem_system_aspace64.local_mem_group[0].bank[0].mem0|reg_writedata_1x[1][174] ; atax_inst|atax_internal_inst|local_mem_system_aspace64.local_mem_group[0].bank[0].mem0|writedata_2x[1][174] ; 1.480             ;
; atax_inst|atax_internal_inst|local_mem_system_aspace67.local_mem_group[0].bank[0].mem0|reg_writedata_1x[1][10]  ; atax_inst|atax_internal_inst|local_mem_system_aspace67.local_mem_group[0].bank[0].mem0|writedata_2x[1][10]  ; 1.479             ;
; atax_inst|atax_internal_inst|local_mem_system_aspace67.local_mem_group[0].bank[0].mem0|reg_writedata_1x[1][1]   ; atax_inst|atax_internal_inst|local_mem_system_aspace67.local_mem_group[0].bank[0].mem0|writedata_2x[1][1]   ; 1.479             ;
; atax_inst|atax_internal_inst|local_mem_system_aspace67.local_mem_group[0].bank[0].mem0|reg_writedata_1x[1][0]   ; atax_inst|atax_internal_inst|local_mem_system_aspace67.local_mem_group[0].bank[0].mem0|writedata_2x[1][0]   ; 1.479             ;
; atax_inst|atax_internal_inst|local_mem_system_aspace64.local_mem_group[0].bank[0].mem0|reg_writedata_1x[1][169] ; atax_inst|atax_internal_inst|local_mem_system_aspace64.local_mem_group[0].bank[0].mem0|writedata_2x[1][169] ; 1.478             ;
; atax_inst|atax_internal_inst|local_mem_system_aspace67.local_mem_group[0].bank[0].mem0|reg_writedata_1x[1][6]   ; atax_inst|atax_internal_inst|local_mem_system_aspace67.local_mem_group[0].bank[0].mem0|writedata_2x[1][6]   ; 1.477             ;
; atax_inst|atax_internal_inst|local_mem_system_aspace64.local_mem_group[0].bank[0].mem0|reg_writedata_1x[1][85]  ; atax_inst|atax_internal_inst|local_mem_system_aspace64.local_mem_group[0].bank[0].mem0|writedata_2x[1][85]  ; 1.475             ;
; atax_inst|atax_internal_inst|local_mem_system_aspace64.local_mem_group[0].bank[0].mem0|reg_writedata_1x[1][105] ; atax_inst|atax_internal_inst|local_mem_system_aspace64.local_mem_group[0].bank[0].mem0|writedata_2x[1][105] ; 1.474             ;
; atax_inst|atax_internal_inst|local_mem_system_aspace64.local_mem_group[0].bank[0].mem0|reg_writedata_1x[1][143] ; atax_inst|atax_internal_inst|local_mem_system_aspace64.local_mem_group[0].bank[0].mem0|writedata_2x[1][143] ; 1.473             ;
; atax_inst|atax_internal_inst|local_mem_system_aspace64.local_mem_group[0].bank[0].mem0|reg_writedata_1x[1][189] ; atax_inst|atax_internal_inst|local_mem_system_aspace64.local_mem_group[0].bank[0].mem0|writedata_2x[1][189] ; 1.472             ;
; atax_inst|atax_internal_inst|local_mem_system_aspace64.local_mem_group[0].bank[0].mem0|reg_writedata_1x[1][83]  ; atax_inst|atax_internal_inst|local_mem_system_aspace64.local_mem_group[0].bank[0].mem0|writedata_2x[1][83]  ; 1.472             ;
; atax_inst|atax_internal_inst|local_mem_system_aspace64.local_mem_group[0].bank[0].mem0|reg_writedata_1x[1][90]  ; atax_inst|atax_internal_inst|local_mem_system_aspace64.local_mem_group[0].bank[0].mem0|writedata_2x[1][90]  ; 1.470             ;
; atax_inst|atax_internal_inst|local_mem_system_aspace64.local_mem_group[0].bank[0].mem0|reg_writedata_1x[1][8]   ; atax_inst|atax_internal_inst|local_mem_system_aspace64.local_mem_group[0].bank[0].mem0|writedata_2x[1][8]   ; 1.470             ;
; atax_inst|atax_internal_inst|local_mem_system_aspace64.local_mem_group[0].bank[0].mem0|reg_writedata_1x[1][135] ; atax_inst|atax_internal_inst|local_mem_system_aspace64.local_mem_group[0].bank[0].mem0|writedata_2x[1][135] ; 1.469             ;
; atax_inst|atax_internal_inst|local_mem_system_aspace67.local_mem_group[0].bank[0].mem0|reg_address_1x[4][3]     ; atax_inst|atax_internal_inst|local_mem_system_aspace67.local_mem_group[0].bank[0].mem0|address_2x[2][3]     ; 1.468             ;
; atax_inst|atax_internal_inst|local_mem_system_aspace64.local_mem_group[0].bank[0].mem0|reg_writedata_1x[1][170] ; atax_inst|atax_internal_inst|local_mem_system_aspace64.local_mem_group[0].bank[0].mem0|writedata_2x[1][170] ; 1.468             ;
; atax_inst|atax_internal_inst|local_mem_system_aspace64.local_mem_group[0].bank[0].mem0|reg_writedata_1x[1][247] ; atax_inst|atax_internal_inst|local_mem_system_aspace64.local_mem_group[0].bank[0].mem0|writedata_2x[1][247] ; 1.468             ;
; atax_inst|atax_internal_inst|local_mem_system_aspace64.local_mem_group[0].bank[0].mem0|reg_writedata_1x[1][164] ; atax_inst|atax_internal_inst|local_mem_system_aspace64.local_mem_group[0].bank[0].mem0|writedata_2x[1][164] ; 1.467             ;
; atax_inst|atax_internal_inst|local_mem_system_aspace64.local_mem_group[0].bank[0].mem0|reg_writedata_1x[1][240] ; atax_inst|atax_internal_inst|local_mem_system_aspace64.local_mem_group[0].bank[0].mem0|writedata_2x[1][240] ; 1.467             ;
; atax_inst|atax_internal_inst|local_mem_system_aspace64.local_mem_group[0].bank[0].mem0|reg_writedata_1x[1][140] ; atax_inst|atax_internal_inst|local_mem_system_aspace64.local_mem_group[0].bank[0].mem0|writedata_2x[1][140] ; 1.466             ;
; atax_inst|atax_internal_inst|local_mem_system_aspace64.local_mem_group[0].bank[0].mem0|reg_writedata_1x[1][91]  ; atax_inst|atax_internal_inst|local_mem_system_aspace64.local_mem_group[0].bank[0].mem0|writedata_2x[1][91]  ; 1.466             ;
; atax_inst|atax_internal_inst|local_mem_system_aspace64.local_mem_group[0].bank[0].mem0|reg_writedata_1x[1][73]  ; atax_inst|atax_internal_inst|local_mem_system_aspace64.local_mem_group[0].bank[0].mem0|writedata_2x[1][73]  ; 1.465             ;
; atax_inst|atax_internal_inst|local_mem_system_aspace64.local_mem_group[0].bank[0].mem0|reg_writedata_1x[1][145] ; atax_inst|atax_internal_inst|local_mem_system_aspace64.local_mem_group[0].bank[0].mem0|writedata_2x[1][145] ; 1.463             ;
; atax_inst|atax_internal_inst|local_mem_system_aspace64.local_mem_group[0].bank[0].mem0|reg_writedata_1x[1][127] ; atax_inst|atax_internal_inst|local_mem_system_aspace64.local_mem_group[0].bank[0].mem0|writedata_2x[1][127] ; 1.462             ;
; atax_inst|atax_internal_inst|local_mem_system_aspace64.local_mem_group[0].bank[0].mem0|reg_writedata_1x[1][113] ; atax_inst|atax_internal_inst|local_mem_system_aspace64.local_mem_group[0].bank[0].mem0|writedata_2x[1][113] ; 1.461             ;
; atax_inst|atax_internal_inst|local_mem_system_aspace64.local_mem_group[0].bank[0].mem0|reg_writedata_1x[1][245] ; atax_inst|atax_internal_inst|local_mem_system_aspace64.local_mem_group[0].bank[0].mem0|writedata_2x[1][245] ; 1.461             ;
; atax_inst|atax_internal_inst|local_mem_system_aspace67.local_mem_group[0].bank[0].mem0|reg_writedata_1x[1][27]  ; atax_inst|atax_internal_inst|local_mem_system_aspace67.local_mem_group[0].bank[0].mem0|writedata_2x[1][27]  ; 1.461             ;
; atax_inst|atax_internal_inst|local_mem_system_aspace64.local_mem_group[0].bank[0].mem0|reg_writedata_1x[1][255] ; atax_inst|atax_internal_inst|local_mem_system_aspace64.local_mem_group[0].bank[0].mem0|writedata_2x[1][255] ; 1.460             ;
; atax_inst|atax_internal_inst|local_mem_system_aspace64.local_mem_group[0].bank[0].mem0|reg_writedata_1x[1][146] ; atax_inst|atax_internal_inst|local_mem_system_aspace64.local_mem_group[0].bank[0].mem0|writedata_2x[1][146] ; 1.460             ;
; atax_inst|atax_internal_inst|local_mem_system_aspace64.local_mem_group[0].bank[0].mem0|reg_writedata_1x[1][22]  ; atax_inst|atax_internal_inst|local_mem_system_aspace64.local_mem_group[0].bank[0].mem0|writedata_2x[1][22]  ; 1.460             ;
; atax_inst|atax_internal_inst|local_mem_system_aspace67.local_mem_group[0].bank[0].mem0|reg_writedata_1x[1][3]   ; atax_inst|atax_internal_inst|local_mem_system_aspace67.local_mem_group[0].bank[0].mem0|writedata_2x[1][3]   ; 1.460             ;
; atax_inst|atax_internal_inst|local_mem_system_aspace64.local_mem_group[0].bank[0].mem0|reg_writedata_1x[1][97]  ; atax_inst|atax_internal_inst|local_mem_system_aspace64.local_mem_group[0].bank[0].mem0|writedata_2x[1][97]  ; 1.459             ;
; atax_inst|atax_internal_inst|local_mem_system_aspace64.local_mem_group[0].bank[0].mem0|reg_writedata_1x[1][172] ; atax_inst|atax_internal_inst|local_mem_system_aspace64.local_mem_group[0].bank[0].mem0|writedata_2x[1][172] ; 1.458             ;
; atax_inst|atax_internal_inst|local_mem_system_aspace67.local_mem_group[0].bank[0].mem0|reg_writedata_1x[1][22]  ; atax_inst|atax_internal_inst|local_mem_system_aspace67.local_mem_group[0].bank[0].mem0|writedata_2x[1][22]  ; 1.458             ;
; atax_inst|atax_internal_inst|local_mem_system_aspace67.local_mem_group[0].bank[0].mem0|reg_address_1x[3][4]     ; atax_inst|atax_internal_inst|local_mem_system_aspace67.local_mem_group[0].bank[0].mem0|address_2x[2][4]     ; 1.458             ;
; atax_inst|atax_internal_inst|local_mem_system_aspace67.local_mem_group[0].bank[0].mem0|reg_address_1x[1][1]     ; atax_inst|atax_internal_inst|local_mem_system_aspace67.local_mem_group[0].bank[0].mem0|address_2x[1][1]     ; 1.458             ;
; atax_inst|atax_internal_inst|local_mem_system_aspace64.local_mem_group[0].bank[0].mem0|reg_writedata_1x[1][88]  ; atax_inst|atax_internal_inst|local_mem_system_aspace64.local_mem_group[0].bank[0].mem0|writedata_2x[1][88]  ; 1.458             ;
; atax_inst|atax_internal_inst|local_mem_system_aspace67.local_mem_group[0].bank[0].mem0|reg_address_1x[3][2]     ; atax_inst|atax_internal_inst|local_mem_system_aspace67.local_mem_group[0].bank[0].mem0|address_2x[2][2]     ; 1.456             ;
; atax_inst|atax_internal_inst|local_mem_system_aspace64.local_mem_group[0].bank[0].mem0|reg_writedata_1x[1][52]  ; atax_inst|atax_internal_inst|local_mem_system_aspace64.local_mem_group[0].bank[0].mem0|writedata_2x[1][52]  ; 1.456             ;
; atax_inst|atax_internal_inst|local_mem_system_aspace67.local_mem_group[0].bank[0].mem0|reg_writedata_1x[1][15]  ; atax_inst|atax_internal_inst|local_mem_system_aspace67.local_mem_group[0].bank[0].mem0|writedata_2x[1][15]  ; 1.456             ;
; atax_inst|atax_internal_inst|local_mem_system_aspace64.local_mem_group[0].bank[0].mem0|reg_writedata_1x[1][142] ; atax_inst|atax_internal_inst|local_mem_system_aspace64.local_mem_group[0].bank[0].mem0|writedata_2x[1][142] ; 1.455             ;
; atax_inst|atax_internal_inst|local_mem_system_aspace64.local_mem_group[0].bank[0].mem0|reg_writedata_1x[1][81]  ; atax_inst|atax_internal_inst|local_mem_system_aspace64.local_mem_group[0].bank[0].mem0|writedata_2x[1][81]  ; 1.455             ;
; atax_inst|atax_internal_inst|local_mem_system_aspace64.local_mem_group[0].bank[0].mem0|reg_writedata_1x[1][58]  ; atax_inst|atax_internal_inst|local_mem_system_aspace64.local_mem_group[0].bank[0].mem0|writedata_2x[1][58]  ; 1.454             ;
; atax_inst|atax_internal_inst|local_mem_system_aspace64.local_mem_group[0].bank[0].mem0|reg_writedata_1x[1][177] ; atax_inst|atax_internal_inst|local_mem_system_aspace64.local_mem_group[0].bank[0].mem0|writedata_2x[1][177] ; 1.454             ;
; atax_inst|atax_internal_inst|local_mem_system_aspace64.local_mem_group[0].bank[0].mem0|reg_writedata_1x[1][130] ; atax_inst|atax_internal_inst|local_mem_system_aspace64.local_mem_group[0].bank[0].mem0|writedata_2x[1][130] ; 1.453             ;
; atax_inst|atax_internal_inst|local_mem_system_aspace64.local_mem_group[0].bank[0].mem0|reg_writedata_1x[1][187] ; atax_inst|atax_internal_inst|local_mem_system_aspace64.local_mem_group[0].bank[0].mem0|writedata_2x[1][187] ; 1.453             ;
; atax_inst|atax_internal_inst|local_mem_system_aspace64.local_mem_group[0].bank[0].mem0|reg_writedata_1x[1][175] ; atax_inst|atax_internal_inst|local_mem_system_aspace64.local_mem_group[0].bank[0].mem0|writedata_2x[1][175] ; 1.452             ;
; atax_inst|atax_internal_inst|local_mem_system_aspace64.local_mem_group[0].bank[0].mem0|reg_writedata_1x[1][92]  ; atax_inst|atax_internal_inst|local_mem_system_aspace64.local_mem_group[0].bank[0].mem0|writedata_2x[1][92]  ; 1.452             ;
; atax_inst|atax_internal_inst|local_mem_system_aspace64.local_mem_group[0].bank[0].mem0|reg_writedata_1x[1][57]  ; atax_inst|atax_internal_inst|local_mem_system_aspace64.local_mem_group[0].bank[0].mem0|writedata_2x[1][57]  ; 1.452             ;
; atax_inst|atax_internal_inst|local_mem_system_aspace64.local_mem_group[0].bank[0].mem0|reg_writedata_1x[1][84]  ; atax_inst|atax_internal_inst|local_mem_system_aspace64.local_mem_group[0].bank[0].mem0|writedata_2x[1][84]  ; 1.452             ;
; atax_inst|atax_internal_inst|local_mem_system_aspace64.local_mem_group[0].bank[0].mem0|reg_writedata_1x[1][37]  ; atax_inst|atax_internal_inst|local_mem_system_aspace64.local_mem_group[0].bank[0].mem0|writedata_2x[1][37]  ; 1.452             ;
; atax_inst|atax_internal_inst|local_mem_system_aspace64.local_mem_group[0].bank[0].mem0|reg_writedata_1x[1][77]  ; atax_inst|atax_internal_inst|local_mem_system_aspace64.local_mem_group[0].bank[0].mem0|writedata_2x[1][77]  ; 1.451             ;
; atax_inst|atax_internal_inst|local_mem_system_aspace67.local_mem_group[0].bank[0].mem0|reg_writedata_1x[1][5]   ; atax_inst|atax_internal_inst|local_mem_system_aspace67.local_mem_group[0].bank[0].mem0|writedata_2x[1][5]   ; 1.451             ;
; atax_inst|atax_internal_inst|local_mem_system_aspace64.local_mem_group[0].bank[0].mem0|reg_writedata_1x[1][160] ; atax_inst|atax_internal_inst|local_mem_system_aspace64.local_mem_group[0].bank[0].mem0|writedata_2x[1][160] ; 1.450             ;
; atax_inst|atax_internal_inst|local_mem_system_aspace64.local_mem_group[0].bank[0].mem0|reg_writedata_1x[1][54]  ; atax_inst|atax_internal_inst|local_mem_system_aspace64.local_mem_group[0].bank[0].mem0|writedata_2x[1][54]  ; 1.450             ;
; atax_inst|atax_internal_inst|local_mem_system_aspace64.local_mem_group[0].bank[0].mem0|reg_writedata_1x[1][133] ; atax_inst|atax_internal_inst|local_mem_system_aspace64.local_mem_group[0].bank[0].mem0|writedata_2x[1][133] ; 1.449             ;
; atax_inst|atax_internal_inst|local_mem_system_aspace64.local_mem_group[0].bank[0].mem0|reg_writedata_1x[1][5]   ; atax_inst|atax_internal_inst|local_mem_system_aspace64.local_mem_group[0].bank[0].mem0|writedata_2x[1][5]   ; 1.449             ;
; atax_inst|atax_internal_inst|local_mem_system_aspace64.local_mem_group[0].bank[0].mem0|reg_writedata_1x[1][114] ; atax_inst|atax_internal_inst|local_mem_system_aspace64.local_mem_group[0].bank[0].mem0|writedata_2x[1][114] ; 1.448             ;
; atax_inst|atax_internal_inst|local_mem_system_aspace64.local_mem_group[0].bank[0].mem0|reg_writedata_1x[1][51]  ; atax_inst|atax_internal_inst|local_mem_system_aspace64.local_mem_group[0].bank[0].mem0|writedata_2x[1][51]  ; 1.448             ;
; atax_inst|atax_internal_inst|local_mem_system_aspace64.local_mem_group[0].bank[0].mem0|reg_writedata_1x[1][253] ; atax_inst|atax_internal_inst|local_mem_system_aspace64.local_mem_group[0].bank[0].mem0|writedata_2x[1][253] ; 1.447             ;
; atax_inst|atax_internal_inst|local_mem_system_aspace64.local_mem_group[0].bank[0].mem0|reg_writedata_1x[1][212] ; atax_inst|atax_internal_inst|local_mem_system_aspace64.local_mem_group[0].bank[0].mem0|writedata_2x[1][212] ; 1.446             ;
; atax_inst|atax_internal_inst|local_mem_system_aspace64.local_mem_group[0].bank[0].mem0|reg_writedata_1x[1][186] ; atax_inst|atax_internal_inst|local_mem_system_aspace64.local_mem_group[0].bank[0].mem0|writedata_2x[1][186] ; 1.446             ;
; atax_inst|atax_internal_inst|local_mem_system_aspace67.local_mem_group[0].bank[0].mem0|reg_writedata_1x[1][16]  ; atax_inst|atax_internal_inst|local_mem_system_aspace67.local_mem_group[0].bank[0].mem0|writedata_2x[1][16]  ; 1.446             ;
; atax_inst|atax_internal_inst|local_mem_system_aspace64.local_mem_group[0].bank[0].mem0|reg_writedata_1x[1][184] ; atax_inst|atax_internal_inst|local_mem_system_aspace64.local_mem_group[0].bank[0].mem0|writedata_2x[1][184] ; 1.445             ;
; atax_inst|atax_internal_inst|local_mem_system_aspace64.local_mem_group[0].bank[0].mem0|reg_writedata_1x[1][254] ; atax_inst|atax_internal_inst|local_mem_system_aspace64.local_mem_group[0].bank[0].mem0|writedata_2x[1][254] ; 1.445             ;
; atax_inst|atax_internal_inst|local_mem_system_aspace64.local_mem_group[0].bank[0].mem0|reg_writedata_1x[1][108] ; atax_inst|atax_internal_inst|local_mem_system_aspace64.local_mem_group[0].bank[0].mem0|writedata_2x[1][108] ; 1.444             ;
; atax_inst|atax_internal_inst|local_mem_system_aspace64.local_mem_group[0].bank[0].mem0|reg_writedata_1x[1][71]  ; atax_inst|atax_internal_inst|local_mem_system_aspace64.local_mem_group[0].bank[0].mem0|writedata_2x[1][71]  ; 1.443             ;
; atax_inst|atax_internal_inst|local_mem_system_aspace64.local_mem_group[0].bank[0].mem0|reg_writedata_1x[1][185] ; atax_inst|atax_internal_inst|local_mem_system_aspace64.local_mem_group[0].bank[0].mem0|writedata_2x[1][185] ; 1.443             ;
; atax_inst|atax_internal_inst|local_mem_system_aspace64.local_mem_group[0].bank[0].mem0|reg_writedata_1x[1][19]  ; atax_inst|atax_internal_inst|local_mem_system_aspace64.local_mem_group[0].bank[0].mem0|writedata_2x[1][19]  ; 1.443             ;
; atax_inst|atax_internal_inst|local_mem_system_aspace67.local_mem_group[0].bank[0].mem0|reg_address_1x[4][1]     ; atax_inst|atax_internal_inst|local_mem_system_aspace67.local_mem_group[0].bank[0].mem0|address_2x[2][1]     ; 1.442             ;
; atax_inst|atax_internal_inst|local_mem_system_aspace64.local_mem_group[0].bank[0].mem0|reg_writedata_1x[1][74]  ; atax_inst|atax_internal_inst|local_mem_system_aspace64.local_mem_group[0].bank[0].mem0|writedata_2x[1][74]  ; 1.442             ;
; atax_inst|atax_internal_inst|local_mem_system_aspace67.local_mem_group[0].bank[0].mem0|reg_writedata_1x[1][19]  ; atax_inst|atax_internal_inst|local_mem_system_aspace67.local_mem_group[0].bank[0].mem0|writedata_2x[1][19]  ; 1.442             ;
; atax_inst|atax_internal_inst|local_mem_system_aspace64.local_mem_group[0].bank[0].mem0|reg_writedata_1x[1][109] ; atax_inst|atax_internal_inst|local_mem_system_aspace64.local_mem_group[0].bank[0].mem0|writedata_2x[1][109] ; 1.442             ;
; atax_inst|atax_internal_inst|local_mem_system_aspace67.local_mem_group[0].bank[0].mem0|reg_writedata_1x[1][4]   ; atax_inst|atax_internal_inst|local_mem_system_aspace67.local_mem_group[0].bank[0].mem0|writedata_2x[1][4]   ; 1.442             ;
; atax_inst|atax_internal_inst|local_mem_system_aspace67.local_mem_group[0].bank[0].mem0|reg_address_1x[3][5]     ; atax_inst|atax_internal_inst|local_mem_system_aspace67.local_mem_group[0].bank[0].mem0|address_2x[2][5]     ; 1.441             ;
; atax_inst|atax_internal_inst|local_mem_system_aspace67.local_mem_group[0].bank[0].mem0|reg_address_1x[3][1]     ; atax_inst|atax_internal_inst|local_mem_system_aspace67.local_mem_group[0].bank[0].mem0|address_2x[2][1]     ; 1.441             ;
; atax_inst|atax_internal_inst|local_mem_system_aspace64.local_mem_group[0].bank[0].mem0|reg_writedata_1x[1][136] ; atax_inst|atax_internal_inst|local_mem_system_aspace64.local_mem_group[0].bank[0].mem0|writedata_2x[1][136] ; 1.441             ;
; atax_inst|atax_internal_inst|local_mem_system_aspace64.local_mem_group[0].bank[0].mem0|reg_writedata_1x[1][173] ; atax_inst|atax_internal_inst|local_mem_system_aspace64.local_mem_group[0].bank[0].mem0|writedata_2x[1][173] ; 1.441             ;
; atax_inst|atax_internal_inst|local_mem_system_aspace64.local_mem_group[0].bank[0].mem0|reg_writedata_1x[1][163] ; atax_inst|atax_internal_inst|local_mem_system_aspace64.local_mem_group[0].bank[0].mem0|writedata_2x[1][163] ; 1.441             ;
; atax_inst|atax_internal_inst|local_mem_system_aspace64.local_mem_group[0].bank[0].mem0|reg_writedata_1x[1][30]  ; atax_inst|atax_internal_inst|local_mem_system_aspace64.local_mem_group[0].bank[0].mem0|writedata_2x[1][30]  ; 1.441             ;
; atax_inst|atax_internal_inst|local_mem_system_aspace67.local_mem_group[0].bank[0].mem0|reg_writedata_1x[1][2]   ; atax_inst|atax_internal_inst|local_mem_system_aspace67.local_mem_group[0].bank[0].mem0|writedata_2x[1][2]   ; 1.441             ;
; atax_inst|atax_internal_inst|local_mem_system_aspace64.local_mem_group[0].bank[0].mem0|reg_writedata_1x[1][194] ; atax_inst|atax_internal_inst|local_mem_system_aspace64.local_mem_group[0].bank[0].mem0|writedata_2x[1][194] ; 1.440             ;
; atax_inst|atax_internal_inst|local_mem_system_aspace64.local_mem_group[0].bank[0].mem0|reg_writedata_1x[1][15]  ; atax_inst|atax_internal_inst|local_mem_system_aspace64.local_mem_group[0].bank[0].mem0|writedata_2x[1][15]  ; 1.439             ;
; atax_inst|atax_internal_inst|local_mem_system_aspace64.local_mem_group[0].bank[0].mem0|reg_writedata_1x[1][13]  ; atax_inst|atax_internal_inst|local_mem_system_aspace64.local_mem_group[0].bank[0].mem0|writedata_2x[1][13]  ; 1.439             ;
; atax_inst|atax_internal_inst|local_mem_system_aspace64.local_mem_group[0].bank[0].mem0|reg_writedata_1x[1][43]  ; atax_inst|atax_internal_inst|local_mem_system_aspace64.local_mem_group[0].bank[0].mem0|writedata_2x[1][43]  ; 1.438             ;
+-----------------------------------------------------------------------------------------------------------------+-------------------------------------------------------------------------------------------------------------+-------------------+
Note: This table only shows the top 100 path(s) that have the largest delay added for hold.


