------------------------------------------------------------
Timing Analyzer Summary
------------------------------------------------------------

Type  : Setup 'clock'
Slack : -4.587
TNS   : -17031.115
Corner: Slow 900mV -40C Model

Type  : Setup 'clock2x'
Slack : -1.736
TNS   : -106.479
Corner: Slow 900mV 100C Model

Type  : Hold 'clock'
Slack : -0.110
TNS   : -4.119
Corner: Slow 900mV -40C Model

Type  : Hold 'clock2x'
Slack : 0.025
TNS   : 0.000
Corner: Fast 900mV -40C Model

Type  : Recovery 'clock2x'
Slack : -3.419
TNS   : -10.382
Corner: Slow 900mV -40C Model

Type  : Recovery 'clock'
Slack : -3.390
TNS   : -11104.022
Corner: Slow 900mV -40C Model

Type  : Removal 'clock'
Slack : 0.131
TNS   : 0.000
Corner: Fast 900mV -40C Model

Type  : Removal 'clock2x'
Slack : 0.156
TNS   : 0.000
Corner: Fast 900mV -40C Model

Type  : Minimum Pulse Width 'clock'
Slack : -1.720
TNS   : -1997.042
Corner: Slow 900mV -40C Model

Type  : Minimum Pulse Width 'clock2x'
Slack : -1.628
TNS   : -59.834
Corner: Slow 900mV 100C Model

------------------------------------------------------------
