Fitter Finalize Stage Report for quartus_compile
Tue Jan  2 21:43:58 2024
Quartus Prime Version 23.4.0 Build 79 11/22/2023 SC Pro Edition


---------------------
; Table of Contents ;
---------------------
  1. Legal Notice
  2. Fitter HSLP Summary
  3. Finalize Messages



----------------
; Legal Notice ;
----------------
Copyright (C) 2023  Intel Corporation. All rights reserved.
Your use of Intel Corporation's design tools, logic functions 
and other software and tools, and any partner logic 
functions, and any output files from any of the foregoing 
(including device programming or simulation files), and any 
associated documentation or information are expressly subject 
to the terms and conditions of the Intel Program License 
Subscription Agreement, the Intel Quartus Prime License Agreement,
the Intel FPGA IP License Agreement, or other applicable license
agreement, including, without limitation, that your use is for
the sole purpose of programming logic devices manufactured by
Intel and sold by Intel or its authorized distributors.  Please
refer to the Intel FPGA Software License Subscription Agreements 
on the Quartus Prime software download page.



+-------------------------------------------------------------------------------+
; Fitter HSLP Summary                                                           ;
+--------------------------------------------------------+---------------+------+
; Resource                                               ; Usage         ; %    ;
+--------------------------------------------------------+---------------+------+
;                                                        ;               ;      ;
; Programmable power technology high-speed tiles         ; 228 / 3,531   ; 6 %  ;
; Programmable power technology low-power tiles          ; 3,303 / 3,531 ; 94 % ;
;     -- low-power tiles that are used by the design     ; 124 / 3,303   ; 4 %  ;
;     -- unused tiles (low-power)                        ; 3,179 / 3,303 ; 96 % ;
;                                                        ;               ;      ;
; Programmable power technology high-speed LAB tiles     ; 209 / 2,642   ; 8 %  ;
; Programmable power technology low-power LAB tiles      ; 2,433 / 2,642 ; 92 % ;
;     -- low-power LAB tiles that are used by the design ; 104 / 2,433   ; 4 %  ;
;     -- unused LAB tiles (low-power)                    ; 2,329 / 2,433 ; 96 % ;
;                                                        ;               ;      ;
+--------------------------------------------------------+---------------+------+


+-------------------+
; Finalize Messages ;
+-------------------+
Info (20030): Parallel compilation is enabled and will use 24 of the 64 processors detected
Info: *******************************************************************
Info: Running Quartus Prime Fitter
    Info: Version 23.4.0 Build 79 11/22/2023 SC Pro Edition
    Info: Processing started: Tue Jan  2 21:42:28 2024
    Info: System process ID: 1631634
Info: Command: quartus_fit --read_settings_files=on --write_settings_files=off quartus_compile -c quartus_compile
Info: Using INI file /mnt/vault0/slowe8/IntelHLSDataset/polybench/atax/src/atax_1.prj/quartus/quartus.ini
Info: The application is running in 'DNI' mode.
Info: qfit2_default_script.tcl version: #1
Info: Project  = quartus_compile
Info: Revision = quartus_compile
Info (22300): Design uses Placement Effort Multiplier = 1.0.
Info (11888): Total time spent on timing analysis during Post-Routing is 0.00 seconds.
Info (16557): Fitter post-fit operations ending: elapsed time is 00:00:12


