Flow report for quartus_compile
Mon Jan 15 13:03:46 2024
Quartus Prime Version 23.4.0 Build 79 11/22/2023 SC Pro Edition


---------------------
; Table of Contents ;
---------------------
  1. Legal Notice
  2. Flow Summary
  3. Flow Settings
  4. Flow Non-Default Global Settings
  5. Flow Elapsed Time
  6. Flow OS Summary
  7. Flow Log



----------------
; Legal Notice ;
----------------
Copyright (C) 2023  Intel Corporation. All rights reserved.
Your use of Intel Corporation's design tools, logic functions 
and other software and tools, and any partner logic 
functions, and any output files from any of the foregoing 
(including device programming or simulation files), and any 
associated documentation or information are expressly subject 
to the terms and conditions of the Intel Program License 
Subscription Agreement, the Intel Quartus Prime License Agreement,
the Intel FPGA IP License Agreement, or other applicable license
agreement, including, without limitation, that your use is for
the sole purpose of programming logic devices manufactured by
Intel and sold by Intel or its authorized distributors.  Please
refer to the Intel FPGA Software License Subscription Agreements 
on the Quartus Prime software download page.



+-------------------------------------------------------------------------+
; Flow Summary                                                            ;
+-----------------------------+-------------------------------------------+
; Flow Status                 ; Successful - Mon Jan 15 13:03:46 2024     ;
; Quartus Prime Version       ; 23.4.0 Build 79 11/22/2023 SC Pro Edition ;
; Revision Name               ; quartus_compile                           ;
; Top-level Entity Name       ; quartus_compile                           ;
; Family                      ; Cyclone 10 GX                             ;
; Device                      ; 10CX220YF780I5G                           ;
; Timing Models               ; Final                                     ;
; Power Models                ; Final                                     ;
; Device Status               ; Final                                     ;
; Logic utilization (in ALMs) ; 3,030 / 80,330 ( 4 % )                    ;
; Total registers             ; 6207                                      ;
; Total pins                  ; 0 / 340 ( 0 % )                           ;
; Total virtual pins          ; 401                                       ;
; Total block memory bits     ; 142,080 / 12,021,760 ( 1 % )              ;
; Total RAM Blocks            ; 16 / 587 ( 3 % )                          ;
; Total DSP Blocks            ; 2 / 192 ( 1 % )                           ;
; Total HSSI RX channels      ; 0 / 12 ( 0 % )                            ;
; Total HSSI TX channels      ; 0 / 12 ( 0 % )                            ;
; Total PLLs                  ; 0 / 30 ( 0 % )                            ;
; Simulation Files Creation   ; Successful                                ;
+-----------------------------+-------------------------------------------+


+-----------------------------------------+
; Flow Settings                           ;
+-------------------+---------------------+
; Option            ; Setting             ;
+-------------------+---------------------+
; Start date & time ; 01/02/2024 21:41:59 ;
; Main task         ; Compilation         ;
; Revision Name     ; quartus_compile     ;
+-------------------+---------------------+


+-------------------------------------------------------------------------------------------------------------------------------------------------------------------------------------+
; Flow Non-Default Global Settings                                                                                                                                                    ;
+--------------------------------+-----------------------------------------------------------------------------------------------------+---------------+-------------+----------------+
; Assignment Name                ; Value                                                                                               ; Default Value ; Entity Name ; Section Id     ;
+--------------------------------+-----------------------------------------------------------------------------------------------------+---------------+-------------+----------------+
; COMPILER_SIGNATURE_ID          ; 4612814167329.170425693858362                                                                       ; --            ; --          ; --             ;
; EDA_MAP_ILLEGAL_CHARACTERS     ; On                                                                                                  ; --            ; --          ; eda_simulation ;
; EDA_OUTPUT_DATA_FORMAT         ; Verilog Hdl                                                                                         ; --            ; --          ; eda_simulation ;
; EDA_TIME_SCALE                 ; 1 ps                                                                                                ; --            ; --          ; eda_simulation ;
; FLOW_DISABLE_ASSEMBLER         ; On                                                                                                  ; Off           ; --          ; --             ;
; FLOW_ENABLE_EDA_NETLIST_WRITER ; On                                                                                                  ; Off           ; --          ; --             ;
; MISC_FILE                      ; /mnt/vault0/slowe8/IntelHLSDataset/polybench/atax/src/atax_1.prj/components/atax/atax/atax.cmp      ; --            ; --          ; --             ;
; MISC_FILE                      ; /mnt/vault0/slowe8/IntelHLSDataset/polybench/atax/src/atax_1.prj/components/atax/atax.ip            ; --            ; --          ; --             ;
; POST_FLOW_SCRIPT_FILE          ; quartus_sh:generate_report.tcl                                                                      ; --            ; --          ; --             ;
; SOPCINFO_FILE                  ; /mnt/vault0/slowe8/IntelHLSDataset/polybench/atax/src/atax_1.prj/components/atax/atax/atax.sopcinfo ; --            ; --          ; --             ;
+--------------------------------+-----------------------------------------------------------------------------------------------------+---------------+-------------+----------------+


+---------------------------------------------------------+
; Flow Elapsed Time                                       ;
+--------------------+--------------+---------------------+
; Module Name        ; Elapsed Time ; Peak Virtual Memory ;
+--------------------+--------------+---------------------+
; Synthesis          ; 00:00:28     ; 1976 MB             ;
; Fitter             ; 00:01:30     ; 5472 MB             ;
; Timing Analyzer    ; 00:00:04     ; 2075 MB             ;
; EDA Netlist Writer ; 00:00:04     ; 1812 MB             ;
; EDA Netlist Writer ; 00:00:04     ; 1864 MB             ;
; EDA Netlist Writer ; 00:00:04     ; 1862 MB             ;
; Total              ; 00:02:14     ; --                  ;
+--------------------+--------------+---------------------+


+--------------------------------------------------------------------------------------+
; Flow OS Summary                                                                      ;
+--------------------+------------------+----------------+------------+----------------+
; Module Name        ; Machine Hostname ; OS Name        ; OS Version ; Processor type ;
+--------------------+------------------+----------------+------------+----------------+
; Synthesis          ; en4228283l       ; Ubuntu 22.04.3 ; 22         ; x86_64         ;
; Fitter             ; en4228283l       ; Ubuntu 22.04.3 ; 22         ; x86_64         ;
; Timing Analyzer    ; en4228283l       ; Ubuntu 22.04.3 ; 22         ; x86_64         ;
; EDA Netlist Writer ; en4228283l       ; Ubuntu 22.04.3 ; 22         ; x86_64         ;
; EDA Netlist Writer ; en4228283l       ; Ubuntu 22.04.3 ; 22         ; x86_64         ;
; EDA Netlist Writer ; en4228283l       ; Ubuntu 22.04.3 ; 22         ; x86_64         ;
+--------------------+------------------+----------------+------------+----------------+


------------
; Flow Log ;
------------
quartus_syn --dni --read_settings_files=on --write_settings_files=off quartus_compile -c quartus_compile
quartus_fit --read_settings_files=on --write_settings_files=off quartus_compile -c quartus_compile
quartus_sta quartus_compile -c quartus_compile --mode=finalize
quartus_eda --read_settings_files=on --write_settings_files=off quartus_compile -c quartus_compile
quartus_eda --read_settings_files=on --write_settings_files=off quartus_compile -c quartus_compile
quartus_eda --read_settings_files=on --write_settings_files=off quartus_compile -c quartus_compile



