Fitter Route Stage Report for quartus_compile
Wed Dec 13 00:08:59 2023
Quartus Prime Version 20.4.0 Build 72 12/14/2020 SC Pro Edition


---------------------
; Table of Contents ;
---------------------
  1. Legal Notice
  2. Routing Usage Summary
  3. Route Messages
  4. Estimated Delay Added for Hold Timing Summary
  5. Estimated Delay Added for Hold Timing Details



----------------
; Legal Notice ;
----------------
Copyright (C) 2020  Intel Corporation. All rights reserved.
Your use of Intel Corporation's design tools, logic functions 
and other software and tools, and any partner logic 
functions, and any output files from any of the foregoing 
(including device programming or simulation files), and any 
associated documentation or information are expressly subject 
to the terms and conditions of the Intel Program License 
Subscription Agreement, the Intel Quartus Prime License Agreement,
the Intel FPGA IP License Agreement, or other applicable license
agreement, including, without limitation, that your use is for
the sole purpose of programming logic devices manufactured by
Intel and sold by Intel or its authorized distributors.  Please
refer to the applicable agreement for further details, at
https://fpgasoftware.intel.com/eula.



+----------------------------------------------------------+
; Routing Usage Summary                                    ;
+------------------------------+---------------------------+
; Routing Resource Type        ; Usage                     ;
+------------------------------+---------------------------+
; Block interconnects          ; 22,102 / 664,374 ( 3 % )  ;
; C27 interconnects            ; 40 / 12,769 ( < 1 % )     ;
; C4 interconnects             ; 11,297 / 514,392 ( 2 % )  ;
; Direct links                 ; 3,554 / 664,374 ( < 1 % ) ;
; Global clocks                ; 3 / 32 ( 9 % )            ;
; Periphery clocks             ; 0 / 410 ( 0 % )           ;
; R3 interconnects             ; 7,904 / 246,936 ( 3 % )   ;
; R32 interconnects            ; 33 / 28,257 ( < 1 % )     ;
; R32/C27 interconnect drivers ; 66 / 74,920 ( < 1 % )     ;
; R6 interconnects             ; 13,597 / 527,108 ( 3 % )  ;
; Regional clock lefts         ; 0 / 8 ( 0 % )             ;
; Regional clock out bottoms   ; 0 / 8 ( 0 % )             ;
; Regional clock out tops      ; 0 / 8 ( 0 % )             ;
; Regional clock rights        ; 0 / 8 ( 0 % )             ;
; Regional clocks              ; 0 / 8 ( 0 % )             ;
; Spine buffers                ; 6 / 220 ( 3 % )           ;
; Spine clocks                 ; 10 / 330 ( 3 % )          ;
; Spine feedthroughs           ; 0 / 224 ( 0 % )           ;
+------------------------------+---------------------------+


+----------------+
; Route Messages ;
+----------------+
Info (20030): Parallel compilation is enabled and will use 12 of the 12 processors detected
Info: *******************************************************************
Info: Running Quartus Prime Fitter
    Info: Version 20.4.0 Build 72 12/14/2020 SC Pro Edition
    Info: Processing started: Wed Dec 13 00:07:05 2023
    Info: System process ID: 454146
Info: Command: quartus_fit --read_settings_files=on --write_settings_files=off quartus_compile -c quartus_compile
Info: Using INI file /home/slowe8/HLSDataset/polybench/atax/src/atax_10.prj/quartus/quartus.ini
Info: qfit2_default_script.tcl version: #1
Info: Project  = quartus_compile
Info: Revision = quartus_compile
Info (170193): Fitter routing operations beginning
Info (11888): Total time spent on timing analysis during Routing is 2.64 seconds.
Info (16607): Fitter routing operations ending: elapsed time is 00:00:29


+------------------------------------------------------------+
; Estimated Delay Added for Hold Timing Summary              ;
+-----------------+----------------------+-------------------+
; Source Clock(s) ; Destination Clock(s) ; Delay Added in ns ;
+-----------------+----------------------+-------------------+
; clock           ; clock                ; 2586.6            ;
; clock           ; clock2x              ; 86.8              ;
+-----------------+----------------------+-------------------+
Note: For more information on problematic transfers, consider running the Fitter again with the Optimize hold timing option (Settings Menu) turned off.
This will disable optimization of problematic paths and expose them for further analysis using the Timing Analyzer.


+---------------------------------------------------------------------------------------------------------------------------------------------------------------------------------------------------------------------------------------------------------------------------------------------------------------------------------------------------------------------------------------------------------------------------------------------------------------------------------------------------------------------------------------------------------------------------------------------------------------------------------------------------------------------------------------------------------------------------------------------------------------------------------------------------------------------------------------------------------+
; Estimated Delay Added for Hold Timing Details                                                                                                                                                                                                                                                                                                                                                                                                                                                                                                                                                                                                                                                                                                                                                                                                           ;
+-------------------------------------------------------------------------------------------------------------------------------------------------------------------------------------------------------------------------------------------------------------------------------------------------------------------------------------------------------------------------------------+-----------------------------------------------------------------------------------------------------------------------------------------------------------------------------------------------------------------------------------------------------------------------------------------------------------------------------------------------------------------------------------------------------------------------------------------------+-------------------+
; Source Register                                                                                                                                                                                                                                                                                                                                                                     ; Destination Register                                                                                                                                                                                                                                                                                                                                                                                                                          ; Delay Added in ns ;
+-------------------------------------------------------------------------------------------------------------------------------------------------------------------------------------------------------------------------------------------------------------------------------------------------------------------------------------------------------------------------------------+-----------------------------------------------------------------------------------------------------------------------------------------------------------------------------------------------------------------------------------------------------------------------------------------------------------------------------------------------------------------------------------------------------------------------------------------------+-------------------+
; atax_inst|atax_internal_inst|local_mem_system_aspace67.local_mem_group[0].bank[0].mem0|reg_address_1x[1][4]                                                                                                                                                                                                                                                                         ; atax_inst|atax_internal_inst|local_mem_system_aspace67.local_mem_group[0].bank[0].mem0|address_2x[1][4]                                                                                                                                                                                                                                                                                                                                       ; 1.805             ;
; atax_inst|atax_internal_inst|local_mem_system_aspace67.local_mem_group[0].bank[0].mem0|reg_address_1x[3][4]                                                                                                                                                                                                                                                                         ; atax_inst|atax_internal_inst|local_mem_system_aspace67.local_mem_group[0].bank[0].mem0|address_2x[2][4]                                                                                                                                                                                                                                                                                                                                       ; 1.771             ;
; atax_inst|atax_internal_inst|local_mem_system_aspace67.local_mem_group[0].bank[0].mem0|reg_address_1x[1][2]                                                                                                                                                                                                                                                                         ; atax_inst|atax_internal_inst|local_mem_system_aspace67.local_mem_group[0].bank[0].mem0|address_2x[1][2]                                                                                                                                                                                                                                                                                                                                       ; 1.766             ;
; atax_inst|atax_internal_inst|local_mem_system_aspace67.local_mem_group[0].bank[0].mem0|reg_address_1x[3][3]                                                                                                                                                                                                                                                                         ; atax_inst|atax_internal_inst|local_mem_system_aspace67.local_mem_group[0].bank[0].mem0|address_2x[2][3]                                                                                                                                                                                                                                                                                                                                       ; 1.765             ;
; atax_inst|atax_internal_inst|local_mem_system_aspace67.local_mem_group[0].bank[0].mem0|reg_address_1x[3][5]                                                                                                                                                                                                                                                                         ; atax_inst|atax_internal_inst|local_mem_system_aspace67.local_mem_group[0].bank[0].mem0|address_2x[2][5]                                                                                                                                                                                                                                                                                                                                       ; 1.754             ;
; atax_inst|atax_internal_inst|local_mem_system_aspace67.local_mem_group[0].bank[0].mem0|reg_writedata_1x[1][0]                                                                                                                                                                                                                                                                       ; atax_inst|atax_internal_inst|local_mem_system_aspace67.local_mem_group[0].bank[0].mem0|writedata_2x[1][0]                                                                                                                                                                                                                                                                                                                                     ; 1.752             ;
; atax_inst|atax_internal_inst|local_mem_system_aspace67.local_mem_group[0].bank[0].mem0|reg_address_1x[3][2]                                                                                                                                                                                                                                                                         ; atax_inst|atax_internal_inst|local_mem_system_aspace67.local_mem_group[0].bank[0].mem0|address_2x[2][2]                                                                                                                                                                                                                                                                                                                                       ; 1.749             ;
; atax_inst|atax_internal_inst|local_mem_system_aspace67.local_mem_group[0].bank[0].mem0|reg_address_1x[3][0]                                                                                                                                                                                                                                                                         ; atax_inst|atax_internal_inst|local_mem_system_aspace67.local_mem_group[0].bank[0].mem0|address_2x[2][0]                                                                                                                                                                                                                                                                                                                                       ; 1.741             ;
; atax_inst|atax_internal_inst|local_mem_system_aspace67.local_mem_group[0].bank[0].mem0|reg_write_1x[1]                                                                                                                                                                                                                                                                              ; atax_inst|atax_internal_inst|local_mem_system_aspace67.local_mem_group[0].bank[0].mem0|write_2x[1]                                                                                                                                                                                                                                                                                                                                            ; 1.736             ;
; atax_inst|atax_internal_inst|local_mem_system_aspace67.local_mem_group[0].bank[0].mem0|reg_writedata_1x[1][3]                                                                                                                                                                                                                                                                       ; atax_inst|atax_internal_inst|local_mem_system_aspace67.local_mem_group[0].bank[0].mem0|writedata_2x[1][3]                                                                                                                                                                                                                                                                                                                                     ; 1.735             ;
; atax_inst|atax_internal_inst|local_mem_system_aspace67.local_mem_group[0].bank[0].mem0|reg_writedata_1x[1][18]                                                                                                                                                                                                                                                                      ; atax_inst|atax_internal_inst|local_mem_system_aspace67.local_mem_group[0].bank[0].mem0|writedata_2x[1][18]                                                                                                                                                                                                                                                                                                                                    ; 1.733             ;
; atax_inst|atax_internal_inst|local_mem_system_aspace67.local_mem_group[0].bank[0].mem0|toggle_1x                                                                                                                                                                                                                                                                                    ; atax_inst|atax_internal_inst|local_mem_system_aspace67.local_mem_group[0].bank[0].mem0|toggle_2x                                                                                                                                                                                                                                                                                                                                              ; 1.732             ;
; atax_inst|atax_internal_inst|local_mem_system_aspace67.local_mem_group[0].bank[0].mem0|reg_address_1x[3][1]                                                                                                                                                                                                                                                                         ; atax_inst|atax_internal_inst|local_mem_system_aspace67.local_mem_group[0].bank[0].mem0|address_2x[2][1]                                                                                                                                                                                                                                                                                                                                       ; 1.715             ;
; atax_inst|atax_internal_inst|local_mem_system_aspace67.local_mem_group[0].bank[0].mem0|reg_writedata_1x[1][2]                                                                                                                                                                                                                                                                       ; atax_inst|atax_internal_inst|local_mem_system_aspace67.local_mem_group[0].bank[0].mem0|writedata_2x[1][2]                                                                                                                                                                                                                                                                                                                                     ; 1.707             ;
; atax_inst|atax_internal_inst|local_mem_system_aspace67.local_mem_group[0].bank[0].mem0|reg_writedata_1x[1][22]                                                                                                                                                                                                                                                                      ; atax_inst|atax_internal_inst|local_mem_system_aspace67.local_mem_group[0].bank[0].mem0|writedata_2x[1][22]                                                                                                                                                                                                                                                                                                                                    ; 1.705             ;
; atax_inst|atax_internal_inst|local_mem_system_aspace67.local_mem_group[0].bank[0].mem0|reg_address_1x[4][0]                                                                                                                                                                                                                                                                         ; atax_inst|atax_internal_inst|local_mem_system_aspace67.local_mem_group[0].bank[0].mem0|address_2x[2][0]                                                                                                                                                                                                                                                                                                                                       ; 1.704             ;
; atax_inst|atax_internal_inst|local_mem_system_aspace67.local_mem_group[0].bank[0].mem0|reg_writedata_1x[1][23]                                                                                                                                                                                                                                                                      ; atax_inst|atax_internal_inst|local_mem_system_aspace67.local_mem_group[0].bank[0].mem0|writedata_2x[1][23]                                                                                                                                                                                                                                                                                                                                    ; 1.696             ;
; atax_inst|atax_internal_inst|local_mem_system_aspace67.local_mem_group[0].bank[0].mem0|reg_writedata_1x[1][16]                                                                                                                                                                                                                                                                      ; atax_inst|atax_internal_inst|local_mem_system_aspace67.local_mem_group[0].bank[0].mem0|writedata_2x[1][16]                                                                                                                                                                                                                                                                                                                                    ; 1.689             ;
; atax_inst|atax_internal_inst|local_mem_system_aspace67.local_mem_group[0].bank[0].mem0|reg_writedata_1x[1][13]                                                                                                                                                                                                                                                                      ; atax_inst|atax_internal_inst|local_mem_system_aspace67.local_mem_group[0].bank[0].mem0|writedata_2x[1][13]                                                                                                                                                                                                                                                                                                                                    ; 1.683             ;
; atax_inst|atax_internal_inst|local_mem_system_aspace67.local_mem_group[0].bank[0].mem0|reg_writedata_1x[1][14]                                                                                                                                                                                                                                                                      ; atax_inst|atax_internal_inst|local_mem_system_aspace67.local_mem_group[0].bank[0].mem0|writedata_2x[1][14]                                                                                                                                                                                                                                                                                                                                    ; 1.680             ;
; atax_inst|atax_internal_inst|local_mem_system_aspace67.local_mem_group[0].bank[0].mem0|reg_address_1x[1][5]                                                                                                                                                                                                                                                                         ; atax_inst|atax_internal_inst|local_mem_system_aspace67.local_mem_group[0].bank[0].mem0|address_2x[1][5]                                                                                                                                                                                                                                                                                                                                       ; 1.678             ;
; atax_inst|atax_internal_inst|local_mem_system_aspace67.local_mem_group[0].bank[0].mem0|reg_writedata_1x[1][10]                                                                                                                                                                                                                                                                      ; atax_inst|atax_internal_inst|local_mem_system_aspace67.local_mem_group[0].bank[0].mem0|writedata_2x[1][10]                                                                                                                                                                                                                                                                                                                                    ; 1.678             ;
; atax_inst|atax_internal_inst|local_mem_system_aspace67.local_mem_group[0].bank[0].mem0|reg_writedata_1x[1][21]                                                                                                                                                                                                                                                                      ; atax_inst|atax_internal_inst|local_mem_system_aspace67.local_mem_group[0].bank[0].mem0|writedata_2x[1][21]                                                                                                                                                                                                                                                                                                                                    ; 1.673             ;
; atax_inst|atax_internal_inst|local_mem_system_aspace67.local_mem_group[0].bank[0].mem0|reg_writedata_1x[1][6]                                                                                                                                                                                                                                                                       ; atax_inst|atax_internal_inst|local_mem_system_aspace67.local_mem_group[0].bank[0].mem0|writedata_2x[1][6]                                                                                                                                                                                                                                                                                                                                     ; 1.671             ;
; atax_inst|atax_internal_inst|local_mem_system_aspace67.local_mem_group[0].bank[0].mem0|reg_address_1x[1][3]                                                                                                                                                                                                                                                                         ; atax_inst|atax_internal_inst|local_mem_system_aspace67.local_mem_group[0].bank[0].mem0|address_2x[1][3]                                                                                                                                                                                                                                                                                                                                       ; 1.671             ;
; atax_inst|atax_internal_inst|local_mem_system_aspace67.local_mem_group[0].bank[0].mem0|reg_writedata_1x[1][5]                                                                                                                                                                                                                                                                       ; atax_inst|atax_internal_inst|local_mem_system_aspace67.local_mem_group[0].bank[0].mem0|writedata_2x[1][5]                                                                                                                                                                                                                                                                                                                                     ; 1.670             ;
; atax_inst|atax_internal_inst|local_mem_system_aspace67.local_mem_group[0].bank[0].mem0|reg_writedata_1x[1][31]                                                                                                                                                                                                                                                                      ; atax_inst|atax_internal_inst|local_mem_system_aspace67.local_mem_group[0].bank[0].mem0|writedata_2x[1][31]                                                                                                                                                                                                                                                                                                                                    ; 1.667             ;
; atax_inst|atax_internal_inst|local_mem_system_aspace67.local_mem_group[0].bank[0].mem0|reg_writedata_1x[1][15]                                                                                                                                                                                                                                                                      ; atax_inst|atax_internal_inst|local_mem_system_aspace67.local_mem_group[0].bank[0].mem0|writedata_2x[1][15]                                                                                                                                                                                                                                                                                                                                    ; 1.667             ;
; atax_inst|atax_internal_inst|local_mem_system_aspace67.local_mem_group[0].bank[0].mem0|reg_writedata_1x[1][7]                                                                                                                                                                                                                                                                       ; atax_inst|atax_internal_inst|local_mem_system_aspace67.local_mem_group[0].bank[0].mem0|writedata_2x[1][7]                                                                                                                                                                                                                                                                                                                                     ; 1.667             ;
; atax_inst|atax_internal_inst|local_mem_system_aspace67.local_mem_group[0].bank[0].mem0|reg_writedata_1x[1][20]                                                                                                                                                                                                                                                                      ; atax_inst|atax_internal_inst|local_mem_system_aspace67.local_mem_group[0].bank[0].mem0|writedata_2x[1][20]                                                                                                                                                                                                                                                                                                                                    ; 1.663             ;
; atax_inst|atax_internal_inst|local_mem_system_aspace67.local_mem_group[0].bank[0].mem0|reg_writedata_1x[1][17]                                                                                                                                                                                                                                                                      ; atax_inst|atax_internal_inst|local_mem_system_aspace67.local_mem_group[0].bank[0].mem0|writedata_2x[1][17]                                                                                                                                                                                                                                                                                                                                    ; 1.660             ;
; atax_inst|atax_internal_inst|local_mem_system_aspace67.local_mem_group[0].bank[0].mem0|reg_writedata_1x[1][19]                                                                                                                                                                                                                                                                      ; atax_inst|atax_internal_inst|local_mem_system_aspace67.local_mem_group[0].bank[0].mem0|writedata_2x[1][19]                                                                                                                                                                                                                                                                                                                                    ; 1.653             ;
; atax_inst|atax_internal_inst|local_mem_system_aspace67.local_mem_group[0].bank[0].mem0|reg_writedata_1x[1][26]                                                                                                                                                                                                                                                                      ; atax_inst|atax_internal_inst|local_mem_system_aspace67.local_mem_group[0].bank[0].mem0|writedata_2x[1][26]                                                                                                                                                                                                                                                                                                                                    ; 1.649             ;
; atax_inst|atax_internal_inst|local_mem_system_aspace67.local_mem_group[0].bank[0].mem0|reg_writedata_1x[1][28]                                                                                                                                                                                                                                                                      ; atax_inst|atax_internal_inst|local_mem_system_aspace67.local_mem_group[0].bank[0].mem0|writedata_2x[1][28]                                                                                                                                                                                                                                                                                                                                    ; 1.642             ;
; atax_inst|atax_internal_inst|local_mem_system_aspace67.local_mem_group[0].bank[0].mem0|reg_writedata_1x[1][11]                                                                                                                                                                                                                                                                      ; atax_inst|atax_internal_inst|local_mem_system_aspace67.local_mem_group[0].bank[0].mem0|writedata_2x[1][11]                                                                                                                                                                                                                                                                                                                                    ; 1.640             ;
; atax_inst|atax_internal_inst|local_mem_system_aspace67.local_mem_group[0].bank[0].mem0|reg_writedata_1x[1][8]                                                                                                                                                                                                                                                                       ; atax_inst|atax_internal_inst|local_mem_system_aspace67.local_mem_group[0].bank[0].mem0|writedata_2x[1][8]                                                                                                                                                                                                                                                                                                                                     ; 1.639             ;
; atax_inst|atax_internal_inst|local_mem_system_aspace67.local_mem_group[0].bank[0].mem0|reg_writedata_1x[1][25]                                                                                                                                                                                                                                                                      ; atax_inst|atax_internal_inst|local_mem_system_aspace67.local_mem_group[0].bank[0].mem0|writedata_2x[1][25]                                                                                                                                                                                                                                                                                                                                    ; 1.638             ;
; atax_inst|atax_internal_inst|local_mem_system_aspace67.local_mem_group[0].bank[0].mem0|reg_writedata_1x[1][1]                                                                                                                                                                                                                                                                       ; atax_inst|atax_internal_inst|local_mem_system_aspace67.local_mem_group[0].bank[0].mem0|writedata_2x[1][1]                                                                                                                                                                                                                                                                                                                                     ; 1.637             ;
; atax_inst|atax_internal_inst|local_mem_system_aspace67.local_mem_group[0].bank[0].mem0|reg_writedata_1x[1][12]                                                                                                                                                                                                                                                                      ; atax_inst|atax_internal_inst|local_mem_system_aspace67.local_mem_group[0].bank[0].mem0|writedata_2x[1][12]                                                                                                                                                                                                                                                                                                                                    ; 1.636             ;
; atax_inst|atax_internal_inst|local_mem_system_aspace67.local_mem_group[0].bank[0].mem0|reg_address_1x[1][1]                                                                                                                                                                                                                                                                         ; atax_inst|atax_internal_inst|local_mem_system_aspace67.local_mem_group[0].bank[0].mem0|address_2x[1][1]                                                                                                                                                                                                                                                                                                                                       ; 1.631             ;
; atax_inst|atax_internal_inst|local_mem_system_aspace67.local_mem_group[0].bank[0].mem0|reg_writedata_1x[1][4]                                                                                                                                                                                                                                                                       ; atax_inst|atax_internal_inst|local_mem_system_aspace67.local_mem_group[0].bank[0].mem0|writedata_2x[1][4]                                                                                                                                                                                                                                                                                                                                     ; 1.629             ;
; atax_inst|atax_internal_inst|local_mem_system_aspace67.local_mem_group[0].bank[0].mem0|reg_writedata_1x[1][27]                                                                                                                                                                                                                                                                      ; atax_inst|atax_internal_inst|local_mem_system_aspace67.local_mem_group[0].bank[0].mem0|writedata_2x[1][27]                                                                                                                                                                                                                                                                                                                                    ; 1.629             ;
; atax_inst|atax_internal_inst|local_mem_system_aspace67.local_mem_group[0].bank[0].mem0|reg_address_1x[1][0]                                                                                                                                                                                                                                                                         ; atax_inst|atax_internal_inst|local_mem_system_aspace67.local_mem_group[0].bank[0].mem0|address_2x[1][0]                                                                                                                                                                                                                                                                                                                                       ; 1.629             ;
; atax_inst|atax_internal_inst|local_mem_system_aspace67.local_mem_group[0].bank[0].mem0|reg_writedata_1x[1][24]                                                                                                                                                                                                                                                                      ; atax_inst|atax_internal_inst|local_mem_system_aspace67.local_mem_group[0].bank[0].mem0|writedata_2x[1][24]                                                                                                                                                                                                                                                                                                                                    ; 1.623             ;
; atax_inst|atax_internal_inst|local_mem_system_aspace67.local_mem_group[0].bank[0].mem0|reg_writedata_1x[1][30]                                                                                                                                                                                                                                                                      ; atax_inst|atax_internal_inst|local_mem_system_aspace67.local_mem_group[0].bank[0].mem0|writedata_2x[1][30]                                                                                                                                                                                                                                                                                                                                    ; 1.613             ;
; atax_inst|atax_internal_inst|local_mem_system_aspace67.local_mem_group[0].bank[0].mem0|reg_writedata_1x[1][9]                                                                                                                                                                                                                                                                       ; atax_inst|atax_internal_inst|local_mem_system_aspace67.local_mem_group[0].bank[0].mem0|writedata_2x[1][9]                                                                                                                                                                                                                                                                                                                                     ; 1.612             ;
; atax_inst|atax_internal_inst|local_mem_system_aspace67.local_mem_group[0].bank[0].mem0|reg_address_1x[4][3]                                                                                                                                                                                                                                                                         ; atax_inst|atax_internal_inst|local_mem_system_aspace67.local_mem_group[0].bank[0].mem0|address_2x[2][3]                                                                                                                                                                                                                                                                                                                                       ; 1.587             ;
; atax_inst|atax_internal_inst|local_mem_system_aspace67.local_mem_group[0].bank[0].mem0|reg_address_1x[4][5]                                                                                                                                                                                                                                                                         ; atax_inst|atax_internal_inst|local_mem_system_aspace67.local_mem_group[0].bank[0].mem0|address_2x[2][5]                                                                                                                                                                                                                                                                                                                                       ; 1.572             ;
; atax_inst|atax_internal_inst|local_mem_system_aspace67.local_mem_group[0].bank[0].mem0|reg_address_1x[4][1]                                                                                                                                                                                                                                                                         ; atax_inst|atax_internal_inst|local_mem_system_aspace67.local_mem_group[0].bank[0].mem0|address_2x[2][1]                                                                                                                                                                                                                                                                                                                                       ; 1.572             ;
; atax_inst|atax_internal_inst|local_mem_system_aspace67.local_mem_group[0].bank[0].mem0|reg_writedata_1x[1][29]                                                                                                                                                                                                                                                                      ; atax_inst|atax_internal_inst|local_mem_system_aspace67.local_mem_group[0].bank[0].mem0|writedata_2x[1][29]                                                                                                                                                                                                                                                                                                                                    ; 1.566             ;
; atax_inst|atax_internal_inst|local_mem_system_aspace67.local_mem_group[0].bank[0].mem0|reg_address_1x[4][4]                                                                                                                                                                                                                                                                         ; atax_inst|atax_internal_inst|local_mem_system_aspace67.local_mem_group[0].bank[0].mem0|address_2x[2][4]                                                                                                                                                                                                                                                                                                                                       ; 1.516             ;
; atax_inst|atax_internal_inst|local_mem_system_aspace67.local_mem_group[0].bank[0].mem0|reg_address_1x[4][2]                                                                                                                                                                                                                                                                         ; atax_inst|atax_internal_inst|local_mem_system_aspace67.local_mem_group[0].bank[0].mem0|address_2x[2][2]                                                                                                                                                                                                                                                                                                                                       ; 1.496             ;
; atax_inst|atax_internal_inst|atax_internal|theatax_function|thebb_atax_B12_aunroll_x|thebb_atax_B12_stall_region|thei_llvm_fpga_push_i1_notexitcond_atax34|thei_llvm_fpga_push_i1_notexitcond_atax1|fifo|staging_reg|r_valid                                                                                                                                                        ; atax_inst|atax_internal_inst|atax_internal|theatax_function|thei_llvm_fpga_pipeline_keep_going_atax2_sr|sr_valid_q[0]                                                                                                                                                                                                                                                                                                                         ; 0.905             ;
; atax_inst|atax_internal_inst|atax_internal|theatax_function|thebb_atax_B12_aunroll_x|thebb_atax_B12_stall_region|thei_llvm_fpga_push_i1_notexitcond_atax34|thei_llvm_fpga_push_i1_notexitcond_atax1|fifo|fifo|fifo|data[0][0]                                                                                                                                                       ; atax_inst|atax_internal_inst|atax_internal|theatax_function|thei_llvm_fpga_pipeline_keep_going_atax2_sr|sr_valid_q[0]                                                                                                                                                                                                                                                                                                                         ; 0.880             ;
; atax_inst|atax_internal_inst|atax_internal|theatax_function|thebb_atax_B9|thebb_atax_B9_stall_region|thei_sfc_s_c0_in_for_body48_ataxs_c0_enter20116_atax1_aunroll_x|thei_sfc_logic_s_c0_in_for_body48_ataxs_c0_enter20116_atax0_aunroll_x|thei_llvm_fpga_push_i1_notexitcond56_atax37|thei_llvm_fpga_push_i1_notexitcond56_atax1|staging_reg|r_valid                               ; atax_inst|atax_internal_inst|atax_internal|theatax_function|thebb_atax_B8|thebb_atax_B8_stall_region|thei_sfc_s_c0_in_for_inc40_ataxs_c0_enter189_atax3_aunroll_x|thei_llvm_fpga_sfc_exit_s_c0_out_for_inc40_ataxs_c0_exit193_atax1_aunroll_x|thei_llvm_fpga_sfc_exit_s_c0_out_for_inc40_ataxs_c0_exit193_atax1_data_fifo_aunroll_x|thei_llvm_fpga_sfc_exit_s_c0_out_for_inc40_ataxs_c0_exit193_atax0|ms.acl_mid_speed_fifo_inst|valid_out_ES ; 0.800             ;
; atax_inst|atax_internal_inst|avmm_0_.global_icavmm_0_rw|dp[6].dp|pipe_r.req.request                                                                                                                                                                                                                                                                                                 ; atax_inst|atax_internal_inst|avmm_0_.global_icavmm_0_rw|dp[1].dp|pipe_r.req.address[30]                                                                                                                                                                                                                                                                                                                                                       ; 0.798             ;
; atax_inst|atax_internal_inst|atax_internal|theatax_function|thebb_atax_B9|thebb_atax_B9_stall_region|theatax_B9_merge_reg_aunroll_x|atax_B9_merge_reg_data_reg_0_x_q[0]                                                                                                                                                                                                             ; atax_inst|atax_internal_inst|atax_internal|theatax_function|thebb_atax_B8|thebb_atax_B8_stall_region|thei_sfc_s_c0_in_for_inc40_ataxs_c0_enter189_atax3_aunroll_x|thei_llvm_fpga_sfc_exit_s_c0_out_for_inc40_ataxs_c0_exit193_atax1_aunroll_x|thei_llvm_fpga_sfc_exit_s_c0_out_for_inc40_ataxs_c0_exit193_atax1_data_fifo_aunroll_x|thei_llvm_fpga_sfc_exit_s_c0_out_for_inc40_ataxs_c0_exit193_atax0|ms.acl_mid_speed_fifo_inst|valid_out_ES ; 0.797             ;
; atax_inst|atax_internal_inst|atax_internal|theatax_function|thebb_atax_B9|thebb_atax_B9_stall_region|thei_sfc_s_c0_in_for_body48_ataxs_c0_enter20116_atax1_aunroll_x|thei_sfc_logic_s_c0_in_for_body48_ataxs_c0_enter20116_atax0_aunroll_x|thei_llvm_fpga_push_i1_notexitcond56_atax37|thei_llvm_fpga_push_i1_notexitcond56_atax1|staging_reg|r_data[0]                             ; atax_inst|atax_internal_inst|atax_internal|theatax_function|thebb_atax_B8|thebb_atax_B8_stall_region|thei_sfc_s_c0_in_for_inc40_ataxs_c0_enter189_atax3_aunroll_x|thei_llvm_fpga_sfc_exit_s_c0_out_for_inc40_ataxs_c0_exit193_atax1_aunroll_x|thei_llvm_fpga_sfc_exit_s_c0_out_for_inc40_ataxs_c0_exit193_atax1_data_fifo_aunroll_x|thei_llvm_fpga_sfc_exit_s_c0_out_for_inc40_ataxs_c0_exit193_atax0|ms.acl_mid_speed_fifo_inst|valid_out_ES ; 0.790             ;
; atax_inst|atax_internal_inst|atax_internal|theatax_function|thebb_atax_B9|thebb_atax_B9_stall_region|thei_sfc_s_c0_in_for_body48_ataxs_c0_enter20116_atax1_aunroll_x|thei_sfc_logic_s_c0_in_for_body48_ataxs_c0_enter20116_atax0_aunroll_x|redist1_sync_together102_aunroll_x_in_c0_eni6200_1_tpl_1_q[0]                                                                            ; atax_inst|atax_internal_inst|atax_internal|theatax_function|thebb_atax_B8|thebb_atax_B8_stall_region|thei_sfc_s_c0_in_for_inc40_ataxs_c0_enter189_atax3_aunroll_x|thei_llvm_fpga_sfc_exit_s_c0_out_for_inc40_ataxs_c0_exit193_atax1_aunroll_x|thei_llvm_fpga_sfc_exit_s_c0_out_for_inc40_ataxs_c0_exit193_atax1_data_fifo_aunroll_x|thei_llvm_fpga_sfc_exit_s_c0_out_for_inc40_ataxs_c0_exit193_atax0|ms.acl_mid_speed_fifo_inst|valid_out_ES ; 0.786             ;
; atax_inst|atax_internal_inst|avmm_0_.global_icavmm_0_rw|dp[10].dp|pipe_r.req.request                                                                                                                                                                                                                                                                                                ; atax_inst|atax_internal_inst|avmm_0_.global_icavmm_0_rw|dp[1].dp|pipe_r.req.address[11]                                                                                                                                                                                                                                                                                                                                                       ; 0.752             ;
; atax_inst|atax_internal_inst|avmm_0_.global_icavmm_0_rw|dp[9].dp|pipe_r.req.request                                                                                                                                                                                                                                                                                                 ; atax_inst|atax_internal_inst|avmm_0_.global_icavmm_0_rw|dp[1].dp|pipe_r.req.address[11]                                                                                                                                                                                                                                                                                                                                                       ; 0.749             ;
; atax_inst|atax_internal_inst|avmm_0_.global_icavmm_0_rw|dp[8].dp|pipe_r.req.request                                                                                                                                                                                                                                                                                                 ; atax_inst|atax_internal_inst|avmm_0_.global_icavmm_0_rw|dp[1].dp|pipe_r.req.address[11]                                                                                                                                                                                                                                                                                                                                                       ; 0.742             ;
; atax_inst|atax_internal_inst|atax_internal|theatax_function|thebb_atax_B9|thebb_atax_B9_stall_region|thei_sfc_s_c0_in_for_body48_ataxs_c0_enter20116_atax1_aunroll_x|thei_sfc_logic_s_c0_in_for_body48_ataxs_c0_enter20116_atax0_aunroll_x|thei_llvm_fpga_push_i5_fpga_indvars_iv33_push42_atax42|thei_llvm_fpga_push_i5_fpga_indvars_iv33_push42_atax1|fifo|r_data_NO_SHIFT_REG[4] ; atax_inst|atax_internal_inst|atax_internal|theatax_function|thebb_atax_B8|thebb_atax_B8_stall_region|thei_sfc_s_c0_in_for_inc40_ataxs_c0_enter189_atax3_aunroll_x|thei_llvm_fpga_sfc_exit_s_c0_out_for_inc40_ataxs_c0_exit193_atax1_aunroll_x|thei_llvm_fpga_sfc_exit_s_c0_out_for_inc40_ataxs_c0_exit193_atax1_data_fifo_aunroll_x|thei_llvm_fpga_sfc_exit_s_c0_out_for_inc40_ataxs_c0_exit193_atax0|ms.acl_mid_speed_fifo_inst|valid_out_ES ; 0.723             ;
; atax_inst|atax_internal_inst|avmm_0_.global_icavmm_0_rw|dp[5].dp|pipe_r.req.request                                                                                                                                                                                                                                                                                                 ; atax_inst|atax_internal_inst|avmm_0_.global_icavmm_0_rw|dp[1].dp|pipe_r.req.address[30]                                                                                                                                                                                                                                                                                                                                                       ; 0.714             ;
; atax_inst|atax_internal_inst|atax_internal|theatax_function|thebb_atax_B9_sr_1_aunroll_x|sr_valid_q[0]                                                                                                                                                                                                                                                                              ; atax_inst|atax_internal_inst|atax_internal|theatax_function|thebb_atax_B8|thebb_atax_B8_stall_region|thei_sfc_s_c0_in_for_inc40_ataxs_c0_enter189_atax3_aunroll_x|thei_llvm_fpga_sfc_exit_s_c0_out_for_inc40_ataxs_c0_exit193_atax1_aunroll_x|thei_llvm_fpga_sfc_exit_s_c0_out_for_inc40_ataxs_c0_exit193_atax1_data_fifo_aunroll_x|thei_llvm_fpga_sfc_exit_s_c0_out_for_inc40_ataxs_c0_exit193_atax0|ms.acl_mid_speed_fifo_inst|valid_out_ES ; 0.700             ;
; atax_inst|atax_internal_inst|atax_internal|theatax_function|thebb_atax_B12_aunroll_x|thebb_atax_B12_stall_region|thei_llvm_fpga_pipeline_keep_going_atax2|thei_llvm_fpga_pipeline_keep_going_atax1|push|fifo|staging_reg|r_valid                                                                                                                                                    ; atax_inst|atax_internal_inst|atax_internal|theatax_function|thei_llvm_fpga_pipeline_keep_going_atax2_sr|sr_valid_q[0]                                                                                                                                                                                                                                                                                                                         ; 0.700             ;
; atax_inst|atax_internal_inst|atax_internal|theatax_function|thebb_atax_B7|thebb_atax_B7_stall_region|thei_sfc_s_c0_in_for_body26_ataxs_c0_enter16615_atax1_aunroll_x|thei_sfc_logic_s_c0_in_for_body26_ataxs_c0_enter16615_atax0_aunroll_x|thei_llvm_fpga_pipeline_keep_going62_atax6|thei_llvm_fpga_pipeline_keep_going62_atax1|push|fifo|staging_reg|r_valid                      ; atax_inst|atax_internal_inst|atax_internal|theatax_function|theloop_limiter_atax4|thelimiter|valid_allow[0]                                                                                                                                                                                                                                                                                                                                   ; 0.686             ;
; atax_inst|atax_internal_inst|atax_internal|theatax_function|thebb_atax_B12_aunroll_x|thebb_atax_B12_stall_region|thei_llvm_fpga_pipeline_keep_going_atax2|thei_llvm_fpga_pipeline_keep_going_atax1|push|fifo|fifo|fifo|data[0][0]                                                                                                                                                   ; atax_inst|atax_internal_inst|atax_internal|theatax_function|thei_llvm_fpga_pipeline_keep_going_atax2_sr|sr_valid_q[0]                                                                                                                                                                                                                                                                                                                         ; 0.680             ;
; atax_inst|atax_internal_inst|atax_internal|theatax_function|thebb_atax_B12_aunroll_x|thebb_atax_B12_stall_region|thei_llvm_fpga_pipeline_keep_going_atax2|thei_llvm_fpga_pipeline_keep_going_atax1|push|fifo|fifo|fifo|wptr_copy[0]                                                                                                                                                 ; atax_inst|atax_internal_inst|atax_internal|theatax_function|thei_llvm_fpga_pipeline_keep_going_atax2_sr|sr_valid_q[0]                                                                                                                                                                                                                                                                                                                         ; 0.679             ;
; atax_inst|atax_internal_inst|avmm_0_.global_icavmm_0_rw|dp[4].dp|pipe_r.req.request                                                                                                                                                                                                                                                                                                 ; atax_inst|atax_internal_inst|avmm_0_.global_icavmm_0_rw|dp[1].dp|pipe_r.req.address[30]                                                                                                                                                                                                                                                                                                                                                       ; 0.678             ;
; atax_inst|atax_internal_inst|avmm_0_.global_icavmm_0_rw|dp[3].dp|pipe_r.req.request                                                                                                                                                                                                                                                                                                 ; atax_inst|atax_internal_inst|avmm_0_.global_icavmm_0_rw|dp[1].dp|pipe_r.req.address[30]                                                                                                                                                                                                                                                                                                                                                       ; 0.650             ;
; atax_inst|atax_internal_inst|atax_internal|theatax_function|thebb_atax_B12_aunroll_x|thebb_atax_B12_stall_region|thei_llvm_fpga_pop_i4_cleanups_pop27_atax1|thei_llvm_fpga_pop_i4_cleanups_pop27_atax1_reg|i_llvm_fpga_pop_i4_cleanups_pop27_atax1_reg_valid_reg_q[0]                                                                                                               ; atax_inst|atax_internal_inst|atax_internal|theatax_function|thebb_atax_B12_aunroll_x|thebb_atax_B12_stall_region|thei_llvm_fpga_push_i4_cleanups_push27_atax53|thei_llvm_fpga_push_i4_cleanups_push27_atax1|fifo|fifo|fifo|data[0][0]                                                                                                                                                                                                         ; 0.608             ;
; atax_inst|atax_internal_inst|atax_internal|theatax_function|thebb_atax_B12_aunroll_x|thebb_atax_B12_stall_region|thei_llvm_fpga_mem_memdep_18_atax45|thei_llvm_fpga_mem_memdep_18_atax1|pipelined_write|nop_fifo|llram.acl_latency_one_ram_fifo_inst|gen_real_stall_out.stall_out_inst|threshold_reached                                                                            ; atax_inst|atax_internal_inst|atax_internal|theatax_function|thebb_atax_B12_aunroll_x|thebb_atax_B12_stall_region|thei_llvm_fpga_mem_memdep_18_atax45|thei_llvm_fpga_mem_memdep_18_atax1|pipelined_write|nop_fifo|llram.acl_latency_one_ram_fifo_inst|gen_real_stall_out.stall_out_inst|threshold_reached                                                                                                                                      ; 0.536             ;
; atax_inst|atax_internal_inst|avmm_0_.global_icavmm_0_rw|dp[14].dp|pipe_r.req.request                                                                                                                                                                                                                                                                                                ; atax_inst|atax_internal_inst|avmm_0_.global_icavmm_0_rw|dp[1].dp|pipe_r.req.address[24]                                                                                                                                                                                                                                                                                                                                                       ; 0.535             ;
; atax_inst|atax_internal_inst|atax_internal|theatax_function|thebb_atax_B4_aunroll_x|thebb_atax_B4_stall_region|thei_llvm_fpga_mem_unnamed_atax14_atax10|thei_llvm_fpga_mem_unnamed_atax14_atax1|pipelined_read|nop_fifo|llram.acl_latency_one_ram_fifo_inst|occ_gte_one_E                                                                                                           ; atax_inst|atax_internal_inst|atax_internal|theatax_function|thebb_atax_B4_aunroll_x|thebb_atax_B4_stall_region|thei_llvm_fpga_mem_unnamed_atax14_atax10|thei_llvm_fpga_mem_unnamed_atax14_atax1|pipelined_read|nop_fifo|llram.acl_latency_one_ram_fifo_inst|sel_new_data_E                                                                                                                                                                    ; 0.533             ;
; atax_inst|atax_internal_inst|atax_internal|theatax_function|thebb_atax_B12_aunroll_x|thebb_atax_B12_stall_region|thei_llvm_fpga_push_i1_lastiniteration_atax36|thei_llvm_fpga_push_i1_lastiniteration_atax1|fifo|fifo|fifo|data[0][0]                                                                                                                                               ; atax_inst|atax_internal_inst|atax_internal|theatax_function|thei_llvm_fpga_pipeline_keep_going_atax2_sr|sr_valid_q[0]                                                                                                                                                                                                                                                                                                                         ; 0.525             ;
; atax_inst|atax_internal_inst|atax_internal|theatax_function|thebb_atax_B9|thebb_atax_B9_stall_region|thei_sfc_s_c0_in_for_body48_ataxs_c0_enter20116_atax1_aunroll_x|thei_sfc_logic_s_c0_in_for_body48_ataxs_c0_enter20116_atax0_aunroll_x|thei_llvm_fpga_pipeline_keep_going46_atax6|thei_llvm_fpga_pipeline_keep_going46_atax1|push|staging_reg|r_valid                           ; atax_inst|atax_internal_inst|atax_internal|theatax_function|thebb_atax_B8|thebb_atax_B8_stall_region|thei_sfc_s_c0_in_for_inc40_ataxs_c0_enter189_atax3_aunroll_x|thei_llvm_fpga_sfc_exit_s_c0_out_for_inc40_ataxs_c0_exit193_atax1_aunroll_x|thei_llvm_fpga_sfc_exit_s_c0_out_for_inc40_ataxs_c0_exit193_atax1_data_fifo_aunroll_x|thei_llvm_fpga_sfc_exit_s_c0_out_for_inc40_ataxs_c0_exit193_atax0|ms.acl_mid_speed_fifo_inst|valid_out_ES ; 0.523             ;
; atax_inst|atax_internal_inst|atax_internal|theatax_function|thebb_atax_B12_aunroll_x|thebb_atax_B12_stall_region|thei_llvm_fpga_push_i1_lastiniteration_atax36|thei_llvm_fpga_push_i1_lastiniteration_atax1|fifo|staging_reg|r_data[0]                                                                                                                                              ; atax_inst|atax_internal_inst|atax_internal|theatax_function|thei_llvm_fpga_pipeline_keep_going_atax2_sr|sr_valid_q[0]                                                                                                                                                                                                                                                                                                                         ; 0.514             ;
; atax_inst|atax_internal_inst|atax_internal|theatax_function|theloop_limiter_atax4|thelimiter|valid_allow[1]                                                                                                                                                                                                                                                                         ; atax_inst|atax_internal_inst|atax_internal|theatax_function|theloop_limiter_atax4|thelimiter|valid_allow[0]                                                                                                                                                                                                                                                                                                                                   ; 0.505             ;
; atax_inst|atax_internal_inst|atax_internal|theatax_function|thebb_atax_B4_aunroll_x|thebb_atax_B4_stall_region|thei_llvm_fpga_mem_unnamed_atax14_atax10|thei_llvm_fpga_mem_unnamed_atax14_atax1|pipelined_read|nop_fifo|llram.acl_latency_one_ram_fifo_inst|data_out_reg[0]                                                                                                         ; atax_inst|atax_internal_inst|atax_internal|theatax_function|thebb_atax_B4_aunroll_x|thebb_atax_B4_stall_region|thei_llvm_fpga_mem_unnamed_atax14_atax10|thei_llvm_fpga_mem_unnamed_atax14_atax1|pipelined_read|nop_fifo|llram.acl_latency_one_ram_fifo_inst|sel_new_data_E                                                                                                                                                                    ; 0.502             ;
; atax_inst|atax_internal_inst|atax_internal|theatax_function|thebb_atax_B3_aunroll_x|thebb_atax_B3_stall_region|thei_llvm_fpga_mem_memdep_16_atax12|thei_llvm_fpga_mem_memdep_16_atax1|pipelined_write|nop_fifo|llreg.acl_low_latency_fifo_inst|occ[0]~reg0                                                                                                                          ; atax_inst|atax_internal_inst|atax_internal|theatax_function|thebb_atax_B3_aunroll_x|thebb_atax_B3_stall_region|thei_llvm_fpga_mem_memdep_16_atax12|thei_llvm_fpga_mem_memdep_16_atax1|pipelined_write|nop_fifo|llreg.acl_low_latency_fifo_inst|occ_high_reset[1]~reg0                                                                                                                                                                         ; 0.490             ;
; atax_inst|atax_internal_inst|atax_internal|theatax_function|thei_llvm_fpga_pipeline_keep_going46_atax6_sr|sr_valid_q[0]                                                                                                                                                                                                                                                             ; atax_inst|atax_internal_inst|atax_internal|theatax_function|thebb_atax_B8|thebb_atax_B8_stall_region|thei_sfc_s_c0_in_for_inc40_ataxs_c0_enter189_atax3_aunroll_x|thei_llvm_fpga_sfc_exit_s_c0_out_for_inc40_ataxs_c0_exit193_atax1_aunroll_x|thei_llvm_fpga_sfc_exit_s_c0_out_for_inc40_ataxs_c0_exit193_atax1_data_fifo_aunroll_x|thei_llvm_fpga_sfc_exit_s_c0_out_for_inc40_ataxs_c0_exit193_atax0|ms.acl_mid_speed_fifo_inst|valid_out_ES ; 0.489             ;
; atax_inst|atax_internal_inst|atax_internal|theatax_function|thebb_atax_B12_aunroll_x|thebb_atax_B12_stall_region|thei_llvm_fpga_push_i1_lastiniteration_atax36|thei_llvm_fpga_push_i1_lastiniteration_atax1|fifo|fifo|fifo|wptr_copy[0]                                                                                                                                             ; atax_inst|atax_internal_inst|atax_internal|theatax_function|thei_llvm_fpga_pipeline_keep_going_atax2_sr|sr_valid_q[0]                                                                                                                                                                                                                                                                                                                         ; 0.488             ;
; atax_inst|atax_internal_inst|atax_internal|theatax_function|theloop_limiter_atax4|thelimiter|valid_allow[0]                                                                                                                                                                                                                                                                         ; atax_inst|atax_internal_inst|atax_internal|theatax_function|theloop_limiter_atax4|thelimiter|valid_allow[0]                                                                                                                                                                                                                                                                                                                                   ; 0.482             ;
; atax_inst|atax_internal_inst|avmm_0_.global_icavmm_0_rw|dp[13].dp|pipe_r.req.request                                                                                                                                                                                                                                                                                                ; atax_inst|atax_internal_inst|avmm_0_.global_icavmm_0_rw|dp[1].dp|pipe_r.req.address[24]                                                                                                                                                                                                                                                                                                                                                       ; 0.482             ;
; atax_inst|atax_internal_inst|atax_internal|theatax_function|thebb_atax_B4_aunroll_x|thebb_atax_B4_stall_region|thei_llvm_fpga_mem_unnamed_atax8_atax4|thei_llvm_fpga_mem_unnamed_atax8_atax1|pipelined_read|nop_fifo|llram.acl_latency_one_ram_fifo_inst|occ_gte_one_E                                                                                                              ; atax_inst|atax_internal_inst|atax_internal|theatax_function|thebb_atax_B4_aunroll_x|thebb_atax_B4_stall_region|thei_llvm_fpga_mem_unnamed_atax8_atax4|thei_llvm_fpga_mem_unnamed_atax8_atax1|pipelined_read|nop_fifo|llram.acl_latency_one_ram_fifo_inst|m20k_rdaddr_inst|lfsr_inst|state[4]                                                                                                                                                  ; 0.481             ;
; atax_inst|atax_internal_inst|atax_internal|theatax_function|theloop_limiter_atax4|thelimiter|valid_allow[2]                                                                                                                                                                                                                                                                         ; atax_inst|atax_internal_inst|atax_internal|theatax_function|theloop_limiter_atax4|thelimiter|valid_allow[0]                                                                                                                                                                                                                                                                                                                                   ; 0.479             ;
; atax_inst|atax_internal_inst|atax_internal|theatax_function|thebb_atax_B12_aunroll_x|thebb_atax_B12_stall_region|thei_llvm_fpga_push_i32_i_334_push22_atax31|thei_llvm_fpga_push_i32_i_334_push22_atax1|fifo|fifo|fifo|wptr_copy[0]                                                                                                                                                 ; atax_inst|atax_internal_inst|atax_internal|theatax_function|thebb_atax_B12_aunroll_x|thebb_atax_B12_stall_region|SE_out_atax_B12_merge_reg_aunroll_x_fromReg2[0]                                                                                                                                                                                                                                                                              ; 0.479             ;
; atax_inst|atax_internal_inst|atax_internal|theatax_function|thebb_atax_B4_aunroll_x|thebb_atax_B4_stall_region|thei_llvm_fpga_mem_unnamed_atax9_atax5|thei_llvm_fpga_mem_unnamed_atax9_atax1|pipelined_read|nop_fifo|llram.acl_latency_one_ram_fifo_inst|data_out_reg[0]                                                                                                            ; atax_inst|atax_internal_inst|atax_internal|theatax_function|thebb_atax_B4_aunroll_x|thebb_atax_B4_stall_region|thei_llvm_fpga_mem_unnamed_atax9_atax5|thei_llvm_fpga_mem_unnamed_atax9_atax1|pipelined_read|nop_fifo|llram.acl_latency_one_ram_fifo_inst|m20k_rdaddr_inst|lfsr_inst|state[4]                                                                                                                                                  ; 0.476             ;
; atax_inst|atax_internal_inst|atax_internal|theatax_function|thebb_atax_B9|thebb_atax_B9_stall_region|thei_sfc_s_c0_in_for_body48_ataxs_c0_enter20116_atax1_aunroll_x|thei_sfc_logic_s_c0_in_for_body48_ataxs_c0_enter20116_atax0_aunroll_x|redist7_sync_together102_aunroll_x_in_i_valid_1_q[0]                                                                                     ; atax_inst|atax_internal_inst|atax_internal|theatax_function|thebb_atax_B8|thebb_atax_B8_stall_region|thei_sfc_s_c0_in_for_inc40_ataxs_c0_enter189_atax3_aunroll_x|thei_llvm_fpga_sfc_exit_s_c0_out_for_inc40_ataxs_c0_exit193_atax1_aunroll_x|thei_llvm_fpga_sfc_exit_s_c0_out_for_inc40_ataxs_c0_exit193_atax1_data_fifo_aunroll_x|thei_llvm_fpga_sfc_exit_s_c0_out_for_inc40_ataxs_c0_exit193_atax0|ms.acl_mid_speed_fifo_inst|valid_out_ES ; 0.473             ;
; atax_inst|atax_internal_inst|atax_internal|theatax_function|thebb_atax_B12_aunroll_x|thebb_atax_B12_stall_region|SE_i_next_initerations_atax12_vt_join_fromReg1[0]                                                                                                                                                                                                                  ; atax_inst|atax_internal_inst|atax_internal|theatax_function|thebb_atax_B12_aunroll_x|thebb_atax_B12_stall_region|SE_out_i_llvm_fpga_pop_i4_initerations_pop26_atax3_fromReg0[0]                                                                                                                                                                                                                                                               ; 0.470             ;
; atax_inst|atax_internal_inst|atax_internal|theatax_function|thebb_atax_B3_aunroll_x|thebb_atax_B3_stall_region|thei_llvm_fpga_mem_memdep_15_atax10|thei_llvm_fpga_mem_memdep_15_atax1|pipelined_write|nop_fifo|llreg.acl_low_latency_fifo_inst|occ[0]~reg0                                                                                                                          ; atax_inst|atax_internal_inst|atax_internal|theatax_function|thebb_atax_B3_aunroll_x|thebb_atax_B3_stall_region|thei_llvm_fpga_mem_memdep_15_atax10|thei_llvm_fpga_mem_memdep_15_atax1|pipelined_write|nop_fifo|llreg.acl_low_latency_fifo_inst|occ_high_reset[1]~reg0                                                                                                                                                                         ; 0.469             ;
; atax_inst|atax_internal_inst|atax_internal|theatax_function|thebb_atax_B12_aunroll_x|thebb_atax_B12_stall_region|thei_llvm_fpga_push_i32_i_334_push22_atax31|thei_llvm_fpga_push_i32_i_334_push22_atax1|fifo|staging_reg|r_valid                                                                                                                                                    ; atax_inst|atax_internal_inst|atax_internal|theatax_function|thebb_atax_B12_aunroll_x|thebb_atax_B12_stall_region|SE_out_atax_B12_merge_reg_aunroll_x_fromReg2[0]                                                                                                                                                                                                                                                                              ; 0.467             ;
; atax_inst|atax_internal_inst|atax_internal|theatax_function|thebb_atax_B12_aunroll_x|thebb_atax_B12_stall_region|thei_llvm_fpga_push_i1_lastiniteration_atax36|thei_llvm_fpga_push_i1_lastiniteration_atax1|fifo|staging_reg|r_valid                                                                                                                                                ; atax_inst|atax_internal_inst|atax_internal|theatax_function|thei_llvm_fpga_pipeline_keep_going_atax2_sr|sr_valid_q[0]                                                                                                                                                                                                                                                                                                                         ; 0.467             ;
; atax_inst|atax_internal_inst|atax_internal|theatax_function|thebb_atax_B9|thebb_atax_B9_stall_region|thei_sfc_s_c0_in_for_body48_ataxs_c0_enter20116_atax1_aunroll_x|thei_sfc_logic_s_c0_in_for_body48_ataxs_c0_enter20116_atax0_aunroll_x|thei_llvm_fpga_push_i2_cleanups49_push44_atax40|thei_llvm_fpga_push_i2_cleanups49_push44_atax1|fifo|r_data_NO_SHIFT_REG[0]               ; atax_inst|atax_internal_inst|atax_internal|theatax_function|thebb_atax_B8|thebb_atax_B8_stall_region|thei_sfc_s_c0_in_for_inc40_ataxs_c0_enter189_atax3_aunroll_x|thei_llvm_fpga_sfc_exit_s_c0_out_for_inc40_ataxs_c0_exit193_atax1_aunroll_x|thei_llvm_fpga_sfc_exit_s_c0_out_for_inc40_ataxs_c0_exit193_atax1_data_fifo_aunroll_x|thei_llvm_fpga_sfc_exit_s_c0_out_for_inc40_ataxs_c0_exit193_atax0|ms.acl_mid_speed_fifo_inst|valid_out_ES ; 0.464             ;
; atax_inst|atax_internal_inst|atax_internal|theatax_function|thebb_atax_B4_aunroll_x|thebb_atax_B4_stall_region|thei_llvm_fpga_mem_unnamed_atax8_atax4|thei_llvm_fpga_mem_unnamed_atax8_atax1|pipelined_read|nop_fifo|llram.acl_latency_one_ram_fifo_inst|data_out_reg[0]                                                                                                            ; atax_inst|atax_internal_inst|atax_internal|theatax_function|thebb_atax_B4_aunroll_x|thebb_atax_B4_stall_region|thei_llvm_fpga_mem_unnamed_atax8_atax4|thei_llvm_fpga_mem_unnamed_atax8_atax1|pipelined_read|nop_fifo|llram.acl_latency_one_ram_fifo_inst|m20k_rdaddr_inst|lfsr_inst|state[4]                                                                                                                                                  ; 0.464             ;
; atax_inst|atax_internal_inst|avmm_0_.global_icavmm_0_rw|s.s_endp|rrp|slave_read_pipe.valid                                                                                                                                                                                                                                                                                          ; atax_inst|atax_internal_inst|atax_internal|theatax_function|thebb_atax_B4_aunroll_x|thebb_atax_B4_stall_region|thei_llvm_fpga_mem_unnamed_atax7_atax3|thei_llvm_fpga_mem_unnamed_atax7_atax1|pipelined_read|data_fifo|ms.acl_mid_speed_fifo_inst|gen_real_stall_out.stall_out_inst|INCR_DECR.lo[1]                                                                                                                                            ; 0.462             ;
; atax_inst|atax_internal_inst|atax_internal|theatax_function|thebb_atax_B7|thebb_atax_B7_stall_region|thei_sfc_s_c0_in_for_body26_ataxs_c0_enter16615_atax1_aunroll_x|thei_sfc_logic_s_c0_in_for_body26_ataxs_c0_enter16615_atax0_aunroll_x|thei_llvm_fpga_push_i64_idxprom27109_push38_atax11|thei_llvm_fpga_push_i64_idxprom27109_push38_atax1|fifo|fifo|fifo|data[0][4]           ; atax_inst|atax_internal_inst|atax_internal|theatax_function|thebb_atax_B7|thebb_atax_B7_stall_region|thei_sfc_s_c0_in_for_body26_ataxs_c0_enter16615_atax1_aunroll_x|thei_sfc_logic_s_c0_in_for_body26_ataxs_c0_enter16615_atax0_aunroll_x|thei_llvm_fpga_push_i64_idxprom27109_push38_atax11|thei_llvm_fpga_push_i64_idxprom27109_push38_atax1|fifo|staging_reg|r_data[4]                                                                    ; 0.462             ;
; atax_inst|atax_internal_inst|atax_internal|theatax_function|thebb_atax_B9|thebb_atax_B9_stall_region|thei_sfc_s_c0_in_for_body48_ataxs_c0_enter20116_atax1_aunroll_x|thei_sfc_logic_s_c0_in_for_body48_ataxs_c0_enter20116_atax0_aunroll_x|thei_llvm_fpga_pipeline_keep_going46_atax6|thei_llvm_fpga_pipeline_keep_going46_atax1|push|staging_reg|r_data[0]                         ; atax_inst|atax_internal_inst|atax_internal|theatax_function|thebb_atax_B8|thebb_atax_B8_stall_region|thei_sfc_s_c0_in_for_inc40_ataxs_c0_enter189_atax3_aunroll_x|thei_llvm_fpga_sfc_exit_s_c0_out_for_inc40_ataxs_c0_exit193_atax1_aunroll_x|thei_llvm_fpga_sfc_exit_s_c0_out_for_inc40_ataxs_c0_exit193_atax1_data_fifo_aunroll_x|thei_llvm_fpga_sfc_exit_s_c0_out_for_inc40_ataxs_c0_exit193_atax0|ms.acl_mid_speed_fifo_inst|valid_out_ES ; 0.462             ;
; atax_inst|atax_internal_inst|atax_internal|theatax_function|thebb_atax_B4_aunroll_x|thebb_atax_B4_stall_region|thei_llvm_fpga_mem_unnamed_atax11_atax7|thei_llvm_fpga_mem_unnamed_atax11_atax1|pipelined_read|nop_fifo|llram.acl_latency_one_ram_fifo_inst|occ_gte_one_E                                                                                                            ; atax_inst|atax_internal_inst|atax_internal|theatax_function|thebb_atax_B4_aunroll_x|thebb_atax_B4_stall_region|thei_llvm_fpga_mem_unnamed_atax11_atax7|thei_llvm_fpga_mem_unnamed_atax11_atax1|pipelined_read|nop_fifo|llram.acl_latency_one_ram_fifo_inst|m20k_rdaddr_inst|lfsr_inst|state[4]                                                                                                                                                ; 0.459             ;
+-------------------------------------------------------------------------------------------------------------------------------------------------------------------------------------------------------------------------------------------------------------------------------------------------------------------------------------------------------------------------------------+-----------------------------------------------------------------------------------------------------------------------------------------------------------------------------------------------------------------------------------------------------------------------------------------------------------------------------------------------------------------------------------------------------------------------------------------------+-------------------+
Note: This table only shows the top 100 path(s) that have the largest delay added for hold.


