------------------------------------------------------------
Timing Analyzer Summary
------------------------------------------------------------

Type  : Setup 'clock'
Slack : -4.304
TNS   : -6975.288
Corner: Slow 900mV -40C Model

Type  : Setup 'clock2x'
Slack : -1.659
TNS   : -103.192
Corner: Slow 900mV 100C Model

Type  : Hold 'clock'
Slack : -0.161
TNS   : -5.722
Corner: Slow 900mV -40C Model

Type  : Hold 'clock2x'
Slack : 0.023
TNS   : 0.000
Corner: Fast 900mV -40C Model

Type  : Recovery 'clock2x'
Slack : -1.431
TNS   : -4.450
Corner: Slow 900mV 100C Model

Type  : Recovery 'clock'
Slack : -0.835
TNS   : -1162.428
Corner: Slow 900mV -40C Model

Type  : Removal 'clock'
Slack : 0.077
TNS   : 0.000
Corner: Fast 900mV -40C Model

Type  : Removal 'clock2x'
Slack : 0.148
TNS   : 0.000
Corner: Fast 900mV -40C Model

Type  : Minimum Pulse Width 'clock'
Slack : -1.720
TNS   : -823.530
Corner: Slow 900mV -40C Model

Type  : Minimum Pulse Width 'clock2x'
Slack : -1.628
TNS   : -59.994
Corner: Slow 900mV 100C Model

------------------------------------------------------------
