Fitter Finalize Stage Report for quartus_compile
Wed Dec 13 00:42:58 2023
Quartus Prime Version 20.4.0 Build 72 12/14/2020 SC Pro Edition


---------------------
; Table of Contents ;
---------------------
  1. Legal Notice
  2. Fitter HSLP Summary
  3. Finalize Messages



----------------
; Legal Notice ;
----------------
Copyright (C) 2020  Intel Corporation. All rights reserved.
Your use of Intel Corporation's design tools, logic functions 
and other software and tools, and any partner logic 
functions, and any output files from any of the foregoing 
(including device programming or simulation files), and any 
associated documentation or information are expressly subject 
to the terms and conditions of the Intel Program License 
Subscription Agreement, the Intel Quartus Prime License Agreement,
the Intel FPGA IP License Agreement, or other applicable license
agreement, including, without limitation, that your use is for
the sole purpose of programming logic devices manufactured by
Intel and sold by Intel or its authorized distributors.  Please
refer to the applicable agreement for further details, at
https://fpgasoftware.intel.com/eula.



+-------------------------------------------------------------------------------+
; Fitter HSLP Summary                                                           ;
+--------------------------------------------------------+---------------+------+
; Resource                                               ; Usage         ; %    ;
+--------------------------------------------------------+---------------+------+
;                                                        ;               ;      ;
; Programmable power technology high-speed tiles         ; 185 / 3,531   ; 5 %  ;
; Programmable power technology low-power tiles          ; 3,346 / 3,531 ; 95 % ;
;     -- low-power tiles that are used by the design     ; 133 / 3,346   ; 4 %  ;
;     -- unused tiles (low-power)                        ; 3,213 / 3,346 ; 96 % ;
;                                                        ;               ;      ;
; Programmable power technology high-speed LAB tiles     ; 165 / 2,642   ; 6 %  ;
; Programmable power technology low-power LAB tiles      ; 2,477 / 2,642 ; 94 % ;
;     -- low-power LAB tiles that are used by the design ; 129 / 2,477   ; 5 %  ;
;     -- unused LAB tiles (low-power)                    ; 2,348 / 2,477 ; 95 % ;
;                                                        ;               ;      ;
+--------------------------------------------------------+---------------+------+


+-------------------+
; Finalize Messages ;
+-------------------+
Info (20030): Parallel compilation is enabled and will use 12 of the 12 processors detected
Info: *******************************************************************
Info: Running Quartus Prime Fitter
    Info: Version 20.4.0 Build 72 12/14/2020 SC Pro Edition
    Info: Processing started: Wed Dec 13 00:41:18 2023
    Info: System process ID: 470646
Info: Command: quartus_fit --read_settings_files=on --write_settings_files=off quartus_compile -c quartus_compile
Info: Using INI file /home/slowe8/HLSDataset/polybench/atax/src/atax_3.prj/quartus/quartus.ini
Info: qfit2_default_script.tcl version: #1
Info: Project  = quartus_compile
Info: Revision = quartus_compile
Info (11888): Total time spent on timing analysis during Post-Routing is 0.00 seconds.
Info (16557): Fitter post-fit operations ending: elapsed time is 00:00:15


