------------------------------------------------------------
Timing Analyzer Summary
------------------------------------------------------------

Type  : Setup 'clock'
Slack : -4.098
TNS   : -21750.537
Corner: Slow 900mV -40C Model

Type  : Setup 'clock2x'
Slack : -1.716
TNS   : -1021.244
Corner: Slow 900mV 100C Model

Type  : Hold 'clock'
Slack : -0.205
TNS   : -70.397
Corner: Slow 900mV -40C Model

Type  : Hold 'clock2x'
Slack : 0.023
TNS   : 0.000
Corner: Fast 900mV -40C Model

Type  : Recovery 'clock2x'
Slack : -3.756
TNS   : -22.808
Corner: Slow 900mV -40C Model

Type  : Recovery 'clock'
Slack : -3.519
TNS   : -14616.928
Corner: Slow 900mV -40C Model

Type  : Removal 'clock'
Slack : 0.106
TNS   : 0.000
Corner: Fast 900mV -40C Model

Type  : Removal 'clock2x'
Slack : 0.154
TNS   : 0.000
Corner: Fast 900mV -40C Model

Type  : Minimum Pulse Width 'clock'
Slack : -1.720
TNS   : -2807.338
Corner: Slow 900mV -40C Model

Type  : Minimum Pulse Width 'clock2x'
Slack : -1.628
TNS   : -767.882
Corner: Slow 900mV 100C Model

------------------------------------------------------------
